----------------------------------------------------------------------------------------------------------------------------------------------------------------------
      name:  DEF_CSV2DTA
       log:  C:\Users\nicol\Dropbox\Research Projects\Intergenerational/statalogs/DEF_CSV2DTA_20210907.log
  log type:  text
 opened on:   7 Sep 2021, 22:09:23

. 
. * Preamble:
. cls

. clear all

. set more off

. 
. * Switch to destination directory:
. cd "$dtadir/DEIS"
C:\Users\nicol\Dropbox\Research Projects\Intergenerational\data\dta\DEIS

. 
. * Import data (original .csv is 1.3gb, so this step may take a while depending
. * on your system)
. import delimited "$rawdefcsv", ///
>         delimiter(";") case(preserve)  bindquote(strict) ///
>         encoding(windows-1252) stringcols(_all)
(101 vars, 2,549,800 obs)

.         
. destring $dyear_var, gen(temp_dyear)
ANO_DEF: all characters numeric; temp_dyear generated as int

. sum temp_dyear

    Variable |        Obs        Mean    Std. Dev.       Min        Max
-------------+---------------------------------------------------------
  temp_dyear |  2,549,800    2004.956    8.400236       1990       2018

. scalar min_ano_def = r(min)

. scalar max_ano_def = r(max)

. drop temp_dyear

. 
. * Label variables:
. label var ID_FALLECIDO  "Identificador único y anónimo de la persona fallecida"

. label var DIA_DEF       "Día de la fecha de defunción"

. label var MES_DEF       "Mes de la fecha de defunción"

. label var ANO_DEF       "Año de la fecha de defunción"

. label var FECHA_DEF     "DIA_DEF + MES_DEF + ANO_DEF. Fecha de defunción"

. label var SEXO  "Código que identifica el sexo biológico"

. label var GLOSA_SEXO    "Glosa que identifica el sexo"

. label var DIA_NAC       "Día de la fecha de nacimiento del fallecido"

. label var MES_NAC       "Mes de la fecha de nacimiento del fallecido"

. label var ANO_NAC       "Año de la fecha de nacimiento del fallecido"

. label var FECHA_NACIMIENTO      "DIA_NAC + MES_NAC + ANO1_NAC + ANO2_NAC. Fecha de Nacimiento"

. label var EDAD_CANT     "Edad cantidad: es la cifra de la edad, esta depende de la unidad en que esté medida"
note: label truncated to 80 characters

. note EDAD_CANT: Etiqueta completa: Edad cantidad: es la cifra de la edad, esta depende de la unidad en que esté medida (edad_tipo: años, meses, días, horas)"

. label var EDAD_TIPO     "Tipo de edad : es la unidad en la que se mide la edad: años, meses, días, horas"

. label var GLOSA_EDAD_TIPO       "Glosa tipo de edad"

. label var EST_CIVIL     "Código del Estado Civil del fallecido"

. label var GLOSA_EST_CIVIL       "Glosa del Estado Civil "

. label var CURSO_INS     "Último curso aprobado por la persona fallecida"

. label var NIVEL_INS     "Código del nivel de instrucción del fallecido"

. note NIVEL_INS: Etiqueta completa: Código del nivel de instrucción del fallecido: indica el Nivel educacional de la persona fallecida según lo indicado en el certif
> icado médico de defunción.

. label var GLOSA_NIVEL_INS       "Glosa del nivel de instrucción"

. label var ACTIVIDAD     "Código para la condición de actividad"

. label var GLOSA_ACTIVIDAD       "Glosa del código de actividad"

. label var OCUPACION     "Código de la ocupación. El dato está condicionado al dato de la actividad."

. label var GLOSA_OCUPACION       "Glosa del código de ocupación, el cual depende de la variable ACTIVIDAD."

. note GLOSA_OCUPACION: Etiqueta completa: Glosa del código de ocupación, el cual depende de la variable ACTIVIDAD. La ocupación se basa en los Grandes Grupos de Acti
> vidad de la CIUO 88.

. label var CATEGORIA     "Código de la categoría ocupacional."

. note CATEGORIA: Etiqueta completa: Código de la categoría ocupacional. El valor está condicionado al dato de la actividad.

. label var GLOSA_CATEGORIA       "Glosa del código de la categoría"

. label var ANO_INSCR     "Año de la fecha de inscripción de la defunción"

. label var LOCAL_DEF     "Código del lugar ocurrencia de la defunción"

. label var GLOSA_LOCAL_DEF       "Describe el lugar donde ocurre la defuncón"

. label var REG_RES       "Código de la región de residencia del fallecido"

. label var GLOSA_REG_RES "Glosa de la región de residencia"

. label var SERV_RES      "Código del Servicio de Salud de residencia del fallecido"

. label var GLOSA_SERV_RES        "Glosa del servicio de salud de residencia"

. label var COMUNA        "Código de la comuna de residencia del fallecido"

. label var GLOSA_COMUNA_RESIDENCIA       "Glosa de la comuna de residencia"

. label var URBANO_RURAL  "Residencia de la persona fallecida: Urbano/Rural"

. note URBANO_RURAL: Etiqueta completa: Código para definir la zona Urbano o Rural de la residencia de la persona fallecida

. label var DIAG1 "Causa básica de defunción en caso de muertes por enfermedades."

. note DIAG1: Etiqueta completa: Causa básica de defunción en caso de muertes por enfermedades. En el caso de las muertes por causas externas el DIAG1 corresponde a l
> a naturaleza de la lesión y comprende los cógidos que empiezan con letras S y T. (Desde 1997 se comienza a codificar con la CIE 10)

. label var GLOSA_SUBCATEGORIA_DIAG1      "Glosa causa básica de defunción en caso de muertes por enfermedades."

. note GLOSA_SUBCATEGORIA_DIAG1: Etiqueta completa: Glosa causa básica de defunción en caso de muertes por enfermedades. En el caso de las muertes por causas externas
>  el DIAG1 corresponde a la naturaleza de la lesión y comprende los cógidos que empiezan con letras S y T. (Desde 1997 se comienza a codificar con la CIE 10)

. label var CODIGO_CATEGORIA_DIAG1        "Código causa básica de defunción en caso de muertes por enfermedades."

. note CODIGO_CATEGORIA_DIAG1: Etiqueta completa: Código causa básica de defunción en caso de muertes por enfermedades. En el caso de las muertes por causas externas 
> el DIAG1 corresponde a la naturaleza de la lesión y comprende los cógidos que empiezan con letras S y T. (Desde 1997 se comienza a codificar con la CIE 10)

. label var GLOSA_CATEGORIA_DIAG1 "Glosa del código causa básica de defunción en caso de muertes por enfermedades."

. note GLOSA_CATEGORIA_DIAG1: Etiqueta completa: Glosa del código causa básica de defunción en caso de muertes por enfermedades. En el caso de las muertes por causas 
> externas el DIAG1 corresponde a la naturaleza de la lesión y comprende los cógidos que empiezan con letras S y T. (Desde 1997 se comienza a codificar con la CIE 10)

. label var CODIGO_GRUPO_DIAG1    "Código grupo DIAG1 según CIE10"

. label var GLOSA_GRUPO_DIAG1     "Glosa código grupo DIAG1 según CIE10"

. label var CAPITULO_DIAG1        "Capitulo CIE10 según DIAG1"

. label var GLOSA_CAPITULO_DIAG1  "Glosa capitulo CIE10 según DIAG1"

. label var DIAG2 "Causa externa de defunción."

. note DIAG2: Etiqueta completa: Causa externa de defunción. (Desde 1997 se comienza a codificar con la CIE 10), corresponde a los códigos CIE-10  de la V a la Y

. label var GLOSA_SUBCATEGORIA_DIAG2      "Glosa causa básica de defunción en caso de muertes por enfermedades."

. note GLOSA_SUBCATEGORIA_DIAG2: Etiqueta completa: Glosa causa básica de defunción en caso de muertes por enfermedades. En el caso de las muertes por causas externas
>  el DIAG2 corresponde a la naturaleza de la lesión y comprende los cógidos que empiezan con letras S y T. (Desde 1997 se comienza a codificar con la CIE 10)

. label var CODIGO_CATEGORIA_DIAG2        "Código causa básica de defunción en caso de muertes por enfermedades."

. note CODIGO_CATEGORIA_DIAG2: Etiqueta completa: Código causa básica de defunción en caso de muertes por enfermedades. En el caso de las muertes por causas externas 
> el DIAG2 corresponde a la naturaleza de la lesión y comprende los cógidos que empiezan con letras S y T. (Desde 1997 se comienza a codificar con la CIE 10)

. label var GLOSA_CATEGORIA_DIAG2 "Glosa del código causa básica de defunción en caso de muertes por enfermedades."

. note GLOSA_CATEGORIA_DIAG2: Glosa del código causa básica de defunción en caso de muertes por enfermedades. En el caso de las muertes por causas externas el DIAG2 c
> orresponde a la naturaleza de la lesión y comprende los cógidos que empiezan con letras S y T. (Desde 1997 se comienza a codificar con la CIE 10)

. label var CODIGO_GRUPO_DIAG2    "Código grupo DIAG2 según CIE10"

. label var GLOSA_GRUPO_DIAG2     "Glosa código grupo DIAG2 según CIE10"

. label var CAPITULO_DIAG2        "Capitulo CIE10 según DIAG2"

. label var GLOSA_CAPITULO_DIAG2  "Glosa capitulo CIE10 según DIAG2"

. label var AT_MEDICA     "Código para identificar si tuvo atención médica"

. label var GLOSA_AT_MEDICA       "Glosa Atención Médica"

. label var CAL_MEDICO    "Código que identifica la calidad de quién certifica la defunción"

. label var GLOSA_CAL_MEDICO      "Glosa de la calidad de quien certifica la defunción"

. label var CER_MES       "Mes de la certificación médica"

. label var CER_ANO       "Año de la certificación médica"

. label var FUND_CAUSA    "Fundamento de la causa de muerte"

. label var GLOSA_FUND_CAUSA      "Glosa del Fundamento de la causa de muerte"

. label var COD_MENOR     "Código para identificar si el fallecido es menor de 1 año."

. label var GLOSA_COD_MENOR       "Glosa del código que identifica si el fallecido es un menor de 1 año"

. label var PESO  "Peso al nacer en gramos cuando se trata de muerte de menor de un año"

. label var GESTACION     "Edad gestacional en semanas cuando se trata de muerte de menor de un año"

. label var NUTRITIVO     "Estado nutritivo previo a la enfermedad (muerte de menor de un año)"

. note NUTRITIVO: Etiqueta completa: Estado nutritivo previo a la enfermedad cuando se trata de muerte de menor de un año

. label var GLOSA_NUTRITIVO       "Glosa estado nutitivo cuando se trata de muerte de menor de un año"

. label var EDAD_MADRE    "Edad de la madre en años cuando se trata de muerte de menor de un año"

. label var EST_CIV_MADRE "Estado civil de la madre cuando se trata de muerte de menor de un año"

. label var GLOSA_EST_CIV_MADRE   "Glosa del estado civil de la madre cuando se trata de muerte de menor de un año"

. label var ACTIV_MADRE   "Actividad de la madre cuando se trata de muerte de menor de un año"

. label var GLOSA_ACTIV_MADRE     "Glosa de la actividad de la madre cuando se trata de muerte de menor de un año"

. label var OCUPA_MADRE   "Código ocupación madre cuando se trata de muerte de menor de un año."

. note OCUPA_MADRE: Etiqueta completa: Código de la categoría ocupacional de la madre cuando se trata de muerte de menor de un año. El código está condicionado al  da
> to de la actividad

. label var GLOSA_OCUPA_MADRE     "Glosa del ocupación madre cuando se trata de muerte de menor de un año"

. note GLOSA_OCUPA_MADRE: Etiqueta completa: Glosa del Código de  ocupación de la madre está condicionado al código de la  actividad cuando se trata de muerte de meno
> r de un año

. label var CATEG_MADRE   "Código categoría ocupacional madre, por actividad, muerte de menor de un año."

. note CATEG_MADRE: Etiqueta completa: Código categoría ocupacional de la madre. El código está condicionado al dato de la actividad.

. label var GLOSA_CATEG_MADRE     "Glosa categoría ocupacional madre, por actividad, muerte de menor de un año."

. note GLOSA_CATEG_MADRE: Etiqueta completa: Glosa del Código de la categoría ocupacional de la madre cuando se trata de muerte de menor de un año. El código está con
> dicionado al  dato de la actividad

. label var CURSO_MADRE   "Último curso de instrucción de la madre, muerte de menor de un año"

. note CURSO_MADRE: Etiqueta completa: Último curso de instrucción de la madre cuando se trata de muerte de menor de un año

. label var NIVEL_MADRE   "Código del nivel de instrucción cuando se trata de muerte de menor de un año"

. label var GLOSA_NIVEL_MADRE     "Glosa del nivel de instrucción de la madre"

. label var HIJ_VIVOS     "Número de hijos vivos cuando se trata de muerte de menor de un año"

. label var HIJ_FALLECIDOS        "Número de hijos fallecidos cuando se trata de muerte de menor de un año"

. label var HIJ_MORTINATOS        "Número de hijos mortinatos cuando se trata de muerte de menor de un año"

. label var HIJ_TOTAL     "Número de Hijos total cuando se trata de muerte de menor de un año"

. label var PARTO_ABORTO  "Parto o Aborto cuando se trata de muerte de menor de un año"

. label var GLOSA_PARTO_ABORTO    "Glosa de parto o aborto cuando se trata de muerte de menor de un año"

. label var DIA_PARTO     "Día del último parto o aborto cuando se trata de muerte de menor de un año"

. label var MES_PARTO     "Mes del último parto o aborto cuando se trata de muerte de menor de un año"

. label var ANO_PARTO     "Año del último parto o aborto cuando se trata de muerte de menor de un año"

. label var FECHA_PARTO   "Fecha de nacimiento/parto cuando se trata de muerte de menor de un año"

. label var EDAD_PADRE    "Edad del padre en años cuando se trata de muerte de menor de un año"

. label var ACTIV_PADRE   "Actividad del padre cuando se trata de muerte de menor de un año"

. label var GLOSA_ACTIV_PADRE     "Glosa de la actividad del padre cuando se trata de muerte de menor de un año"

. label var OCUPA_PADRE   "Código de la ocupación del padre está condicionado al dato de la  actividad "

. label var GLOSA_OCUPA_PADRE     "Texto ocupación del padre"

. label var CATEG_PADRE   "Código de la categoría ocupacional del padre."

. note CATEG_PADRE: Etiqueta completa: Código de la categoría ocupacional del padre. El código está condicionado al dato de la actividad.

. label var GLOSA_CATEG_PADRE     "Glosa código categoría ocupacional padre, por actividad, muerte menor de un año."

. note GLOSA_CATEG_PADRE: Etiqueta completa: Glosa del Código de la categoría ocupacional del padre cuando se trata de muerte de menor de un año. El código  está cond
> icionado al dato de la  actividad

. label var CURSO_PADRE   "Último curso de instrucción del padre."

. label var NIVEL_PADRE   "Código del nivel de instrucción."

. label var GLOSA_NIVEL_PADRE     "Glosa código del nivel de instrucción padre, muerte menor de un año"

. note GLOSA_NIVEL_PADRE: Etiqueta completa: Glosa del Código del nivel de instrucción cuando se trata de muerte de menor de un año

. 
.         
. /* FINAL THINGS */
. * Compress, label, and metadata:
. compress
  (0 bytes saved)

. label data "Defunciones `=min_ano_def'-`=max_ano_def' en Chile (DEIS/MINSAL)"

. note: Last modified by: $id_user_full ($id_user_email)

. note: Last modification timestamp: $S_DATE at $S_TIME

. note: Fuente: https://deis.minsal.cl/#datosabiertos

. 
. * Save file:
. save "${def_original}.dta", replace
(note: file DEF_1990_2018.dta not found)
file DEF_1990_2018.dta saved

. 
. * Save labels to do file:
. label save using "$labeldos/(auto)labels_${def_original}.do", replace
(note: file C:\Users\nicol\Dropbox\Research Projects\Intergenerational/dofiles/labels/(auto)labels_DEF_1990_2018.do not found)
file C:\Users\nicol\Dropbox\Research Projects\Intergenerational/dofiles/labels/(auto)labels_DEF_1990_2018.do saved

. 
. * Final report:
. cls

. describe, fullnames

Contains data from DEF_1990_2018.dta
  obs:     2,549,800                          Defunciones 1990-2018 en Chile (DEIS/MINSAL)
 vars:           101                          7 Sep 2021 22:13
 size: 5,737,050,000                          (_dta has notes)
----------------------------------------------------------------------------------------------------------------------------------------------------------------------
              storage   display    value
variable name   type    format     label      variable label
----------------------------------------------------------------------------------------------------------------------------------------------------------------------
ID_FALLECIDO    str40   %40s                  Identificador único y anónimo de la persona fallecida
DIA_DEF         str2    %9s                   Día de la fecha de defunción
MES_DEF         str2    %9s                   Mes de la fecha de defunción
ANO_DEF         str4    %9s                   Año de la fecha de defunción
FECHA_DEF       str10   %10s                  DIA_DEF + MES_DEF + ANO_DEF. Fecha de defunción
SEXO            str1    %9s                   Código que identifica el sexo biológico
GLOSA_SEXO      str13   %13s                  Glosa que identifica el sexo
DIA_NAC         str2    %9s                   Día de la fecha de nacimiento del fallecido
MES_NAC         str2    %9s                   Mes de la fecha de nacimiento del fallecido
ANO_NAC         str4    %9s                   Año de la fecha de nacimiento del fallecido
FECHA_NACIMIENTO
                str10   %10s                  DIA_NAC + MES_NAC + ANO1_NAC + ANO2_NAC. Fecha de Nacimiento
EDAD_CANT       str3    %9s                 * Edad cantidad: es la cifra de la edad, esta depende de la unidad en que esté med
EDAD_TIPO       str1    %9s                   Tipo de edad : es la unidad en la que se mide la edad: años, meses, días, horas
GLOSA_EDAD_TIPO str13   %13s                  Glosa tipo de edad
EST_CIVIL       str1    %9s                   Código del Estado Civil del fallecido
GLOSA_EST_CIVIL str17   %17s                  Glosa del Estado Civil
CURSO_INS       str1    %9s                   Último curso aprobado por la persona fallecida
NIVEL_INS       str1    %9s                 * Código del nivel de instrucción del fallecido
GLOSA_NIVEL_INS str18   %18s                  Glosa del nivel de instrucción
ACTIVIDAD       str1    %9s                   Código para la condición de actividad
GLOSA_ACTIVIDAD str20   %20s                  Glosa del código de actividad
OCUPACION       str1    %9s                   Código de la ocupación. El dato está condicionado al dato de la actividad.
GLOSA_OCUPACION str68   %68s                * Glosa del código de ocupación, el cual depende de la variable ACTIVIDAD.
CATEGORIA       str1    %9s                 * Código de la categoría ocupacional.
GLOSA_CATEGORIA str28   %28s                  Glosa del código de la categoría
ANO_INSCR       str4    %9s                   Año de la fecha de inscripción de la defunción
LOCAL_DEF       str1    %9s                   Código del lugar ocurrencia de la defunción
GLOSA_LOCAL_DEF str19   %19s                  Describe el lugar donde ocurre la defuncón
REG_RES         str2    %9s                   Código de la región de residencia del fallecido
GLOSA_REG_RES   str41   %41s                  Glosa de la región de residencia
SERV_RES        str2    %9s                   Código del Servicio de Salud de residencia del fallecido
GLOSA_SERV_RES  str24   %24s                  Glosa del servicio de salud de residencia
COMUNA          str5    %9s                   Código de la comuna de residencia del fallecido
GLOSA_COMUNA_RESIDENCIA
                str20   %20s                  Glosa de la comuna de residencia
URBANO_RURAL    str1    %9s                 * Residencia de la persona fallecida: Urbano/Rural
DIAG1           str4    %9s                 * Causa básica de defunción en caso de muertes por enfermedades.
GLOSA_SUBCATEGORIA_DIAG1
                str175  %175s               * Glosa causa básica de defunción en caso de muertes por enfermedades.
CODIGO_CATEGORIA_DIAG1
                str3    %9s                 * Código causa básica de defunción en caso de muertes por enfermedades.
GLOSA_CATEGORIA_DIAG1
                str159  %159s               * Glosa del código causa básica de defunción en caso de muertes por enfermedades.
CODIGO_GRUPO_DIAG1
                str7    %9s                   Código grupo DIAG1 según CIE10
GLOSA_GRUPO_DIAG1
                str121  %121s                 Glosa código grupo DIAG1 según CIE10
CAPITULO_DIAG1  str7    %9s                   Capitulo CIE10 según DIAG1
GLOSA_CAPITULO_DIAG1
                str124  %124s                 Glosa capitulo CIE10 según DIAG1
DIAG2           str4    %9s                 * Causa externa de defunción.
GLOSA_SUBCATEGORIA_DIAG2
                str235  %235s               * Glosa causa básica de defunción en caso de muertes por enfermedades.
CODIGO_CATEGORIA_DIAG2
                str3    %9s                 * Código causa básica de defunción en caso de muertes por enfermedades.
GLOSA_CATEGORIA_DIAG2
                str191  %191s               * Glosa del código causa básica de defunción en caso de muertes por enfermedades.
CODIGO_GRUPO_DIAG2
                str7    %9s                   Código grupo DIAG2 según CIE10
GLOSA_GRUPO_DIAG2
                str206  %206s                 Glosa código grupo DIAG2 según CIE10
CAPITULO_DIAG2  str7    %9s                   Capitulo CIE10 según DIAG2
GLOSA_CAPITULO_DIAG2
                str45   %45s                  Glosa capitulo CIE10 según DIAG2
AT_MEDICA       str1    %9s                   Código para identificar si tuvo atención médica
GLOSA_AT_MEDICA str8    %9s                   Glosa Atención Médica
CAL_MEDICO      str1    %9s                   Código que identifica la calidad de quién certifica la defunción
GLOSA_CAL_MEDICO
                str27   %27s                  Glosa de la calidad de quien certifica la defunción
CER_MES         str2    %9s                   Mes de la certificación médica
CER_ANO         str4    %9s                   Año de la certificación médica
FUND_CAUSA      str1    %9s                   Fundamento de la causa de muerte
GLOSA_FUND_CAUSA
                str24   %24s                  Glosa del Fundamento de la causa de muerte
COD_MENOR       str1    %9s                   Código para identificar si el fallecido es menor de 1 año.
GLOSA_COD_MENOR str16   %16s                  Glosa del código que identifica si el fallecido es un menor de 1 año
PESO            str4    %9s                   Peso al nacer en gramos cuando se trata de muerte de menor de un año
GESTACION       str2    %9s                   Edad gestacional en semanas cuando se trata de muerte de menor de un año
NUTRITIVO       str1    %9s                 * Estado nutritivo previo a la enfermedad (muerte de menor de un año)
GLOSA_NUTRITIVO str23   %23s                  Glosa estado nutitivo cuando se trata de muerte de menor de un año
EDAD_MADRE      str2    %9s                   Edad de la madre en años cuando se trata de muerte de menor de un año
EST_CIV_MADRE   str1    %9s                   Estado civil de la madre cuando se trata de muerte de menor de un año
GLOSA_EST_CIV_MADRE
                str8    %9s                   Glosa del estado civil de la madre cuando se trata de muerte de menor de un año
ACTIV_MADRE     str1    %9s                   Actividad de la madre cuando se trata de muerte de menor de un año
GLOSA_ACTIV_MADRE
                str20   %20s                  Glosa de la actividad de la madre cuando se trata de muerte de menor de un año
OCUPA_MADRE     str1    %9s                 * Código ocupación madre cuando se trata de muerte de menor de un año.
GLOSA_OCUPA_MADRE
                str68   %68s                * Glosa del ocupación madre cuando se trata de muerte de menor de un año
CATEG_MADRE     str1    %9s                 * Código categoría ocupacional madre, por actividad, muerte de menor de un año.
GLOSA_CATEG_MADRE
                str28   %28s                * Glosa categoría ocupacional madre, por actividad, muerte de menor de un año.
CURSO_MADRE     str1    %9s                 * Último curso de instrucción de la madre, muerte de menor de un año
NIVEL_MADRE     str1    %9s                   Código del nivel de instrucción cuando se trata de muerte de menor de un año
GLOSA_NIVEL_MADRE
                str18   %18s                  Glosa del nivel de instrucción de la madre
HIJ_VIVOS       str2    %9s                   Número de hijos vivos cuando se trata de muerte de menor de un año
HIJ_FALLECIDOS  str2    %9s                   Número de hijos fallecidos cuando se trata de muerte de menor de un año
HIJ_MORTINATOS  str2    %9s                   Número de hijos mortinatos cuando se trata de muerte de menor de un año
HIJ_TOTAL       str2    %9s                   Número de Hijos total cuando se trata de muerte de menor de un año
PARTO_ABORTO    str1    %9s                   Parto o Aborto cuando se trata de muerte de menor de un año
GLOSA_PARTO_ABORTO
                str6    %9s                   Glosa de parto o aborto cuando se trata de muerte de menor de un año
DIA_PARTO       str2    %9s                   Día del último parto o aborto cuando se trata de muerte de menor de un año
MES_PARTO       str2    %9s                   Mes del último parto o aborto cuando se trata de muerte de menor de un año
ANO_PARTO       str4    %9s                   Año del último parto o aborto cuando se trata de muerte de menor de un año
FECHA_PARTO     str10   %10s                  Fecha de nacimiento/parto cuando se trata de muerte de menor de un año
EDAD_PADRE      str2    %9s                   Edad del padre en años cuando se trata de muerte de menor de un año
ACTIV_PADRE     str1    %9s                   Actividad del padre cuando se trata de muerte de menor de un año
GLOSA_ACTIV_PADRE
                str20   %20s                  Glosa de la actividad del padre cuando se trata de muerte de menor de un año
OCUPA_PADRE     str1    %9s                   Código de la ocupación del padre está condicionado al dato de la actividad
GLOSA_OCUPA_PADRE
                str68   %68s                  Texto ocupación del padre
CATEG_PADRE     str1    %9s                 * Código de la categoría ocupacional del padre.
GLOSA_CATEG_PADRE
                str28   %28s                * Glosa código categoría ocupacional padre, por actividad, muerte menor de un año.
CURSO_PADRE     str1    %9s                   Último curso de instrucción del padre.
NIVEL_PADRE     str1    %9s                   Código del nivel de instrucción.
GLOSA_NIVEL_PADRE
                str18   %18s                * Glosa código del nivel de instrucción padre, muerte menor de un año
CODIGO_TERMINO_DIAGNOSTICO_1
                str24   %24s                  
CODIGO_TERMINO_DIAGNOSTICO_2
                str34   %34s                  
CODIGO_TERMINO_DIAGNOSTICO_3
                str32   %32s                  
CODIGO_TERMINO_DIAGNOSTICO_4
                str40   %40s                  
                                            * indicated variables have notes
----------------------------------------------------------------------------------------------------------------------------------------------------------------------
Sorted by: 

. notes _dta

_dta:
  1.  Last modified by: Nicolás A. Lillo Bustos (niclillo@fen.uchile.cl)
  2.  Last modification timestamp:  7 Sep 2021 at 22:13:12
  3.  Fuente: https://deis.minsal.cl/#datosabiertos

. 
. * Close log
. log close _all
      name:  DEF_CSV2DTA
       log:  C:\Users\nicol\Dropbox\Research Projects\Intergenerational/statalogs/DEF_CSV2DTA_20210907.log
  log type:  text
 closed on:   7 Sep 2021, 22:13:41
----------------------------------------------------------------------------------------------------------------------------------------------------------------------
