----------------------------------------------------------------------------------------------------------------------------------------------------------------------
      name:  masterlog
       log:  C:/Users/nicol/Dropbox/Research Projects/Intergenerational/statalogs/nlillob_20210913_g2_ds30.log
  log type:  text
 opened on:  13 Sep 2021, 15:18:41

. 
. * Set graph options:
. global gphoptns scheme(lean2) ///
>                                 ytitle("Child's month 1 days in hospital (2nd generation)") ///
>                                 xtitle("Mother's birthweight in grams (1st generation)") ///
>                                 legend(off) ylabel(0(5)25)

. 
. ////////////////////////////////////////////////////////////////////////////////
> * Change to directory:
. cd "$dtadir/DEIS"
C:\Users\nicol\Dropbox\Research Projects\Intergenerational\data\dta\DEIS

. 
. * Load data:
. use "${lastworkdata}.dta", clear
(Working dataset 10 Sep 2021)

. 
. * Base sample for second generation:
. /* 
> -> children for whom we have mother's birth data:  NAC_mrg_mbdata2main == 3
> -> children of mothers who were between 15 and 45 years old at time of birth: 
>                 NAC_EDAD_MADRE >= 15 & NAC_EDAD_MADRE <= 45
> -> children born from 2007 onwards (only 12 births between 2001-2006 given above
>  constraints): NAC_ANO_NAC >= 2007
> */
. gen g2smpl = NAC_mrg_mbdata2main == 3 ///
>         & NAC_EDAD_MADRE >= 15 & NAC_EDAD_MADRE <= 45 ///
>         & NAC_ANO_NAC >= 2007

. 
. * Show birth years for cohorts in sample:
. tab NAC_ANO_NAC g2smpl

 Año de la |
  fecha de |        g2smpl
nacimiento |         0          1 |     Total
-----------+----------------------+----------
      1992 |   278,981          0 |   278,981 
      1993 |   275,773          0 |   275,773 
      1994 |   273,757          0 |   273,757 
      1995 |   265,901          0 |   265,901 
      1996 |   264,777          0 |   264,777 
      1997 |   259,975          0 |   259,975 
      1998 |   257,103          0 |   257,103 
      1999 |   250,407          0 |   250,407 
      2000 |   248,869          0 |   248,869 
      2001 |   215,709          0 |   215,709 
      2002 |   212,096          0 |   212,096 
      2003 |   230,470          0 |   230,470 
      2004 |   230,348          0 |   230,348 
      2005 |   230,827          0 |   230,827 
      2006 |   231,378          0 |   231,378 
      2007 |   239,470      1,097 |   240,567 
      2008 |   241,602      4,963 |   246,565 
      2009 |   241,057     11,161 |   252,218 
      2010 |   232,187     18,444 |   250,631 
      2011 |   219,686     27,661 |   247,347 
      2012 |   207,187     36,437 |   243,624 
      2013 |   198,500     43,498 |   241,998 
      2014 |   199,359     51,636 |   250,995 
      2015 |   189,062     55,604 |   244,666 
      2016 |   175,287     56,456 |   231,743 
      2017 |   161,442     57,741 |   219,183 
      2018 |   160,845     60,885 |   221,730 
-----------+----------------------+----------
     Total | 6,192,055    425,583 | 6,617,638 

. 
. * Show birth years for the MOTHERS in the sample:
. tab NAC_ANO_NAC_MADRE g2smpl if birth_order_by_mother_u == 1

    Madre: |
 Año de la |
  fecha de |        g2smpl
nacimiento |         0          1 |     Total
-----------+----------------------+----------
      1992 |       789     64,821 |    65,610 
      1993 |       908     58,448 |    59,356 
      1994 |       904     52,622 |    53,526 
      1995 |       933     44,175 |    45,108 
      1996 |       850     36,726 |    37,576 
      1997 |       876     28,430 |    29,306 
      1998 |       861     20,568 |    21,429 
      1999 |       846     12,856 |    13,702 
      2000 |       720      7,282 |     8,002 
      2001 |       578      3,338 |     3,916 
      2002 |       485      1,395 |     1,880 
      2003 |       347        317 |       664 
      2004 |       230          0 |       230 
      2005 |        33          0 |        33 
      2006 |         3          0 |         3 
-----------+----------------------+----------
     Total |     9,363    330,978 |   340,341 

. 
. * Summarize dependent variable by birth year, restricted to sample:
. tabstat $mydepvar if g2smpl == 1, by(NAC_ANO_NAC) s(N mean min max)

Summary for variables: EEHH_days_s30
     by categories of: NAC_ANO_NAC (Año de la fecha de nacimiento)

NAC_ANO~C |         N      mean       min       max
----------+----------------------------------------
     2007 |        94  10.44681         1       102
     2008 |       506  11.95455         1       621
     2009 |      1290  10.54341         1       200
     2010 |      2140   10.6986         1       329
     2011 |      3370   10.3457         1       411
     2012 |      4757  10.60647         1       464
     2013 |      5583  10.81802         1       565
     2014 |      7147  10.62935         1       909
     2015 |      7809  11.48892         1       770
     2016 |      8293  11.38249         1       660
     2017 |      8996  11.17619         1       604
     2018 |      9258   10.6428         1       504
----------+----------------------------------------
    Total |     59243  10.94469         1       909
---------------------------------------------------

. 
. * Drop unused observations to speed things up:
. keep if g2smpl == 1
(6,192,055 observations deleted)

. compress
  variable DEF_EDAD_CANT was int now byte
  variable EEHH_nvsts_y07 was int now byte
  variable EEHH_nvsts_y09 was int now byte
  variable EEHH_nvsts_y11 was int now byte
  variable EEHH_nvsts_y12 was int now byte
  variable EEHH_nvsts_y15 was int now byte
  variable EEHH_nvsts_y16 was int now byte
  variable EEHH_nvsts_y17 was int now byte
  variable EEHH_days_y10 was int now byte
  variable EEHH_days_y11 was int now byte
  variable EEHH_days_y12 was int now byte
  variable EEHH_days_y13 was int now byte
  variable EEHH_days_y14 was int now byte
  variable EEHH_days_y15 was int now byte
  variable EEHH_days_y16 was int now byte
  variable EEHH_days_y17 was int now byte
  variable EEHH_days_y18 was int now byte
  variable EEHH_days_y19 was int now byte
  variable EEHH_days_y20 was int now byte
  variable EEHH_days_y21 was int now byte
  variable EEHH_days_y22 was int now byte
  variable EEHH_days_y23 was int now byte
  variable EEHH_days_y24 was int now byte
  variable EEHH_days_y25 was int now byte
  variable EEHH_days_y26 was int now byte
  variable EEHH_days_y27 was int now byte
  variable EEHH_days_s00 was int now byte
  variable EEHH_days_y10_priv was int now byte
  variable EEHH_days_y11_priv was int now byte
  variable EEHH_days_y12_priv was int now byte
  variable EEHH_days_y13_priv was int now byte
  variable EEHH_days_y14_priv was int now byte
  variable EEHH_days_y15_priv was int now byte
  variable EEHH_days_y16_priv was int now byte
  variable EEHH_days_y17_priv was int now byte
  variable EEHH_days_y18_priv was int now byte
  variable EEHH_days_y19_priv was int now byte
  variable EEHH_days_y20_priv was int now byte
  variable EEHH_days_y21_priv was int now byte
  variable EEHH_days_y22_priv was int now byte
  variable EEHH_days_y23_priv was int now byte
  variable EEHH_days_y24_priv was int now byte
  variable EEHH_days_y25_priv was int now byte
  variable EEHH_days_y26_priv was int now byte
  variable EEHH_days_s00_priv was int now byte
  variable EEHH_nvsts_y11_priv was int now byte
  variable EEHH_nvsts_y15_priv was int now byte
  variable EEHH_nvsts_y16_priv was int now byte
  variable EEHH_nvsts_y17_priv was int now byte
  variable EEHH_days_y10_publ was int now byte
  variable EEHH_days_y11_publ was int now byte
  variable EEHH_days_y12_publ was int now byte
  variable EEHH_days_y13_publ was int now byte
  variable EEHH_days_y14_publ was int now byte
  variable EEHH_days_y15_publ was int now byte
  variable EEHH_days_y16_publ was int now byte
  variable EEHH_days_y17_publ was int now byte
  variable EEHH_days_y18_publ was int now byte
  variable EEHH_days_y19_publ was int now byte
  variable EEHH_days_y20_publ was int now byte
  variable EEHH_days_y21_publ was int now byte
  variable EEHH_days_y22_publ was int now byte
  variable EEHH_days_y23_publ was int now byte
  variable EEHH_days_y24_publ was int now byte
  variable EEHH_days_y25_publ was int now byte
  variable EEHH_days_y26_publ was int now byte
  variable EEHH_days_y27_publ was int now byte
  variable EEHH_days_s00_publ was int now byte
  variable EEHH_nvsts_y07_publ was int now byte
  variable EEHH_nvsts_y09_publ was int now byte
  variable EEHH_nvsts_y11_publ was int now byte
  variable EEHH_nvsts_y12_publ was int now byte
  variable EEHH_nvsts_y15_publ was int now byte
  variable EEHH_nvsts_y16_publ was int now byte
  variable hospvsts_by_09 was int now byte
  variable hospvsts_by_10 was int now byte
  variable hospvsts_by_11 was int now byte
  variable hospdays_by_12 was int now byte
  variable hospvsts_by_12 was int now byte
  variable hospdays2_by_12 was int now byte
  variable hospdays_by_13 was int now byte
  variable hospvsts_by_13 was int now byte
  variable hospdays2_by_13 was int now byte
  variable hospdays_by_14 was int now byte
  variable hospvsts_by_14 was int now byte
  variable hospdays2_by_14 was int now byte
  variable hospdays_by_15 was int now byte
  variable hospvsts_by_15 was int now byte
  variable hospdays2_by_15 was int now byte
  variable hospdays_by_16 was int now byte
  variable hospvsts_by_16 was int now byte
  variable hospdays2_by_16 was int now byte
  variable hospdays_by_17 was int now byte
  variable hospvsts_by_17 was int now byte
  variable hospdays2_by_17 was int now byte
  variable hospdays_by_18 was int now byte
  variable hospvsts_by_18 was int now byte
  variable hospdays2_by_18 was int now byte
  variable hospdays_by_19 was int now byte
  variable hospvsts_by_19 was int now byte
  variable hospdays2_by_19 was int now byte
  variable hospdays_by_20 was int now byte
  variable hospvsts_by_20 was int now byte
  variable hospdays2_by_20 was int now byte
  variable hospdays_by_21 was int now byte
  variable hospvsts_by_21 was int now byte
  variable hospdays2_by_21 was int now byte
  variable hospdays_by_22 was int now byte
  variable hospvsts_by_22 was int now byte
  variable hospdays2_by_22 was int now byte
  variable hospdays_by_23 was int now byte
  variable hospvsts_by_23 was int now byte
  variable hospdays2_by_23 was int now byte
  variable hospdays_by_24 was int now byte
  variable hospvsts_by_24 was int now byte
  variable hospdays2_by_24 was int now byte
  variable hospdays_by_25 was int now byte
  variable hospvsts_by_25 was int now byte
  variable hospdays2_by_25 was int now byte
  variable hospdays_by_26 was int now byte
  variable hospvsts_by_26 was int now byte
  variable hospdays2_by_26 was int now byte
  variable hospdays_by_27 was int now byte
  variable hospdays2_by_27 was int now byte
  variable g2smpl was float now byte
  variable NAC_PAIS_ORIGEN_MADRE was str41 now str40
  variable DEF_GLOSA_OCUPACION was str68 now str27
  variable DEF_CODIGO_TERMINO_DIAGNOSTICO_1 was str19 now str16
  variable DEF_CODIGO_TERMINO_DIAGNOSTICO_2 was str19 now str16
  variable DEF_CODIGO_TERMINO_DIAGNOSTICO_4 was str29 now str24
  (76,604,940 bytes saved)

. 
. ////////////////////////////////////////////////////////////////////////////////
> **** RDPLOT GRAPHS ****
. 
. ********************************************************************************
. * Over 32 weeks gestation (of the mother):
. rdbwselect $mydepvar NAC_PESO_MADRE if g2smpl == 1 & sem32m == 1, c(1500)
Mass points detected in the running variable.

Bandwidth estimators for sharp RD local polynomial regression.

       Cutoff c =  | Left of c  Right of c            Number of obs =      58756
-------------------+----------------------            Kernel        = Triangular
     Number of obs |        96       58660            VCE method    =         NN
Min of NAC_PESO_MADRE |   280.000 1500.000
Max of NAC_PESO_MADRE |  1490.000 6150.000
    Order est. (p) |         1           1
    Order bias (q) |         2           2
        Unique obs |        45         773

Outcome: EEHH_days_s30. Running variable: NAC_PESO_MADRE.
--------------------------------------------------------------------------------
                   |         BW est. (h)          |        BW bias (b)
            Method | Left of c         Right of c | Left of c        Right of c
-------------------+------------------------------+-----------------------------
             mserd |   117.132            117.132 |   259.044           259.044
--------------------------------------------------------------------------------
Estimates adjusted for mass points in the running variable.

. scalar RBW_o32 = e(h_mserd)

. scalar LBW_o32 = e(h_mserd)

. scalar maxwt_o32 = 1500 + RBW_o32

. scalar minwt_o32 = 1500 - LBW_o32

. gen optbw_o32 = NAC_PESO_MADRE >= minwt_o32 & NAC_PESO_MADRE <= maxwt_o32

. 
. rdplot $mydepvar NAC_PESO_MADRE ///
>         if optbw_o32 == 1 & g2smpl == 1 & sem32m == 1, ///
>         c(1500) nbins(10) p(2) ///
>         graph_options(${gphoptns} name(${abbrev}_o32_optbw_10bins, replace))
Mass points detected in the running variable.

RD Plot with RD plot with manually set number of bins.

      Cutoff c = 1500 | Left of c  Right of c        Number of obs  =         87
----------------------+----------------------        Kernel         =    Uniform
        Number of obs |        46          41
   Eff. Number of obs |        46          41
  Order poly. fit (p) |         2           2
     BW poly. fit (h) |   110.000     110.000
 Number of bins scale |     1.000       1.000

Outcome: EEHH_days_s30. Running variable: NAC_PESO_MADRE.
---------------------------------------------
                      | Left of c  Right of c
----------------------+----------------------
        Bins selected |        10          10
   Average bin length |    11.000      11.000
    Median bin length |    11.000      11.000
----------------------+----------------------
    IMSE-optimal bins |         6           2
  Mimicking Var. bins |         8           4
----------------------+----------------------
Rel. to IMSE-optimal: | 
        Implied scale |     1.667       5.000
    WIMSE var. weight |     0.178       0.008
    WIMSE bias weight |     0.822       0.992
---------------------------------------------


. /*
> rdplot $mydepvar NAC_PESO_MADRE ///
>         if optbw_o32 == 1 & g2smpl == 1 & sem32m == 1, ///
>         c(1500) nbins(20) p(2) ///
>         graph_options(${gphoptns} name(${abbrev}_o32_optbw_20bins, replace))
>                                         
> rdplot $mydepvar NAC_PESO_MADRE ///
>         if optbw_o32 == 1 & g2smpl == 1 & sem32m == 1, ///
>         c(1500) p(2) ///
>         graph_options(${gphoptns} name(${abbrev}_o32_optbw_optbins, replace))
> */
. ********************************************************************************
. * Under 32 weeks gestation (of the mother):
. /* (Note: so few observations that all bin selection procedures yield the same 
> quantity of bins */
. rdbwselect $mydepvar NAC_PESO_MADRE if g2smpl == 1 & sem32m == 0, c(1500)
Mass points detected in the running variable.

Bandwidth estimators for sharp RD local polynomial regression.

       Cutoff c =  | Left of c  Right of c            Number of obs =        234
-------------------+----------------------            Kernel        = Triangular
     Number of obs |       141          93            VCE method    =         NN
Min of NAC_PESO_MADRE |   660.000 1500.000
Max of NAC_PESO_MADRE |  1490.000 4175.000
    Order est. (p) |         1           1
    Order bias (q) |         2           2
        Unique obs |        64          61

Outcome: EEHH_days_s30. Running variable: NAC_PESO_MADRE.
--------------------------------------------------------------------------------
                   |         BW est. (h)          |        BW bias (b)
            Method | Left of c         Right of c | Left of c        Right of c
-------------------+------------------------------+-----------------------------
             mserd |   164.100            164.100 |   292.375           292.375
--------------------------------------------------------------------------------
Estimates adjusted for mass points in the running variable.

. scalar RBW_u32 = e(h_mserd)

. scalar LBW_u32 = e(h_mserd)

. scalar maxwt_u32 = 1500 + RBW_o32

. scalar minwt_u32 = 1500 - LBW_o32

. gen optbw_u32 = NAC_PESO_MADRE >= minwt_u32 & NAC_PESO_MADRE <= maxwt_u32

.                                 
. rdplot $mydepvar NAC_PESO_MADRE ///
>         if optbw_u32 == 1 & g2smpl == 1 & sem32m == 0, ///
>         c(1500) nbins(10) p(2) ///
>         graph_options(${gphoptns} name(${abbrev}_u32_optbw_10bins, replace))
Mass points detected in the running variable.

RD Plot with RD plot with manually set number of bins.

      Cutoff c = 1500 | Left of c  Right of c        Number of obs  =         60
----------------------+----------------------        Kernel         =    Uniform
        Number of obs |        32          28
   Eff. Number of obs |        32          28
  Order poly. fit (p) |         2           2
     BW poly. fit (h) |   100.000     100.000
 Number of bins scale |     1.000       1.000

Outcome: EEHH_days_s30. Running variable: NAC_PESO_MADRE.
---------------------------------------------
                      | Left of c  Right of c
----------------------+----------------------
        Bins selected |        10          10
   Average bin length |    10.000      10.000
    Median bin length |    10.000      10.000
----------------------+----------------------
    IMSE-optimal bins |         .           6
  Mimicking Var. bins |        -8           6
----------------------+----------------------
Rel. to IMSE-optimal: | 
        Implied scale |         .       1.667
    WIMSE var. weight |         .       0.178
    WIMSE bias weight |         .       0.822
---------------------------------------------


. /*
> rdplot $mydepvar NAC_PESO_MADRE ///
>         if optbw_u32 == 1 & g2smpl == 1 & sem32m == 0, ///
>         c(1500) nbins(20) p(2) ///
>         graph_options(${gphoptns} name(${abbrev}_u32_optbw_20bins, replace))
>                                         
> rdplot $mydepvar NAC_PESO_MADRE ///
>         if optbw_u32 == 1 & g2smpl == 1 & sem32m == 0, ///
>         c(1500) p(2) ///
>         graph_options(${gphoptns} name(${abbrev}_u32_optbw_optbins, replace))
> */
. ////////////////////////////////////////////////////////////////////////////////
> 
. * REGRESSIONS:
. ********************************************************************************
. * Over 32 weeks gestation (of the mother):
. * No controls:
. rdrobust $mydepvar NAC_PESO_MADRE if g2smpl == 1 & sem32m==1, c(1500) scalepar(-1) all
Mass points detected in the running variable.

Sharp RD estimates using local polynomial regression.

   Cutoff c = 1500 | Left of c  Right of c            Number of obs =      58756
-------------------+----------------------            BW type       =      mserd
     Number of obs |        96       58660            Kernel        = Triangular
Eff. Number of obs |        46          41            VCE method    =         NN
    Order est. (p) |         1           1
    Order bias (q) |         2           2
       BW est. (h) |   117.132     117.132
       BW bias (b) |   259.044     259.044
         rho (h/b) |     0.452       0.452
        Unique obs |        45         773

Outcome: EEHH_days_s30. Running variable: NAC_PESO_MADRE.
--------------------------------------------------------------------------------
            Method |   Coef.    Std. Err.    z     P>|z|    [95% Conf. Interval]
-------------------+------------------------------------------------------------
      Conventional | -2.7522     6.4757   -0.4250  0.671   -15.4443      9.93993
    Bias-corrected | -5.9531     6.4757   -0.9193  0.358   -18.6452      6.73901
            Robust | -5.9531     7.8856   -0.7549  0.450   -21.4085      9.50229
--------------------------------------------------------------------------------
Scale parameter: -1
Estimates adjusted for mass points in the running variable.

. est store ${abbrev}_o32_optbw

. estadd scalar Hopt = e(h_l)

added scalar:
               e(Hopt) =  117.13172

. estadd scalar Nl   = e(N_h_l)

added scalar:
                 e(Nl) =  46

. estadd scalar Nr   = e(N_h_r)

added scalar:
                 e(Nr) =  41

. local ef = e(N_h_l)+e(N_h_r)

. estadd scalar effopt = `ef'

added scalar:
             e(effopt) =  87

. sum $mydepvar if optbw_o32 == 1 & g2smpl == 1 & sem32m == 1

    Variable |        Obs        Mean    Std. Dev.       Min        Max
-------------+---------------------------------------------------------
EEHH_days~30 |         87    9.678161    12.78307          1         67

. estadd scalar dvmean = r(mean)

added scalar:
             e(dvmean) =  9.6781609

. 
. * Heaping control:
. rdrobust $mydepvar NAC_PESO_MADRE if g2smpl == 1 & sem32m == 1, c(1500) scalepar(-1) covs(round100m) all
Mass points detected in the running variable.

Covariate-adjusted sharp RD estimates using local polynomial regression.

   Cutoff c = 1500 | Left of c  Right of c            Number of obs =      58756
-------------------+----------------------            BW type       =      mserd
     Number of obs |        96       58660            Kernel        = Triangular
Eff. Number of obs |        48          44            VCE method    =         NN
    Order est. (p) |         1           1
    Order bias (q) |         2           2
       BW est. (h) |   121.916     121.916
       BW bias (b) |   266.323     266.323
         rho (h/b) |     0.458       0.458
        Unique obs |        45         773

Outcome: EEHH_days_s30. Running variable: NAC_PESO_MADRE.
--------------------------------------------------------------------------------
            Method |   Coef.    Std. Err.    z     P>|z|    [95% Conf. Interval]
-------------------+------------------------------------------------------------
      Conventional | -3.2499     6.2601   -0.5192  0.604   -15.5194      9.01954
    Bias-corrected |  -6.567     6.2601   -1.0490  0.294   -18.8365      5.70245
            Robust |  -6.567     7.6927   -0.8537  0.393   -21.6444       8.5104
--------------------------------------------------------------------------------
Covariate-adjusted estimates. Additional covariates included: 1
Scale parameter: -1
Estimates adjusted for mass points in the running variable.

. est store ${abbrev}_o32_optbw_heaps

. estadd scalar Hopt = e(h_l)

added scalar:
               e(Hopt) =  121.91582

. estadd scalar Nl   = e(N_h_l)

added scalar:
                 e(Nl) =  48

. estadd scalar Nr   = e(N_h_r)

added scalar:
                 e(Nr) =  44

. local ef = e(N_h_l)+e(N_h_r)

. estadd scalar effopt = `ef'

added scalar:
             e(effopt) =  92

. sum $mydepvar if optbw_o32 == 1 & g2smpl == 1 & sem32m == 1

    Variable |        Obs        Mean    Std. Dev.       Min        Max
-------------+---------------------------------------------------------
EEHH_days~30 |         87    9.678161    12.78307          1         67

. estadd scalar dvmean = r(mean)

added scalar:
             e(dvmean) =  9.6781609

. 
. ********************************************************************************
. * Under 32 weeks gestation (of the mother):
. * No controls:
. rdrobust $mydepvar NAC_PESO_MADRE if g2smpl == 1 & sem32m == 0, c(1500) scalepar(-1) all
Mass points detected in the running variable.

Sharp RD estimates using local polynomial regression.

   Cutoff c = 1500 | Left of c  Right of c            Number of obs =        234
-------------------+----------------------            BW type       =      mserd
     Number of obs |       141          93            Kernel        = Triangular
Eff. Number of obs |        42          35            VCE method    =         NN
    Order est. (p) |         1           1
    Order bias (q) |         2           2
       BW est. (h) |   164.100     164.100
       BW bias (b) |   292.375     292.375
         rho (h/b) |     0.561       0.561
        Unique obs |        64          61

Outcome: EEHH_days_s30. Running variable: NAC_PESO_MADRE.
--------------------------------------------------------------------------------
            Method |   Coef.    Std. Err.    z     P>|z|    [95% Conf. Interval]
-------------------+------------------------------------------------------------
      Conventional |  3.1229      6.476   0.4822   0.630   -9.56986      15.8156
    Bias-corrected |  5.4307      6.476   0.8386   0.402   -7.26201      18.1234
            Robust |  5.4307     7.6584   0.7091   0.478   -9.57946      20.4409
--------------------------------------------------------------------------------
Scale parameter: -1
Estimates adjusted for mass points in the running variable.

. est store ${abbrev}_u32_optbw

. estadd scalar Hopt = e(h_l)

added scalar:
               e(Hopt) =  164.09953

. estadd scalar Nl   = e(N_h_l)

added scalar:
                 e(Nl) =  42

. estadd scalar Nr   = e(N_h_r)

added scalar:
                 e(Nr) =  35

. local ef = e(N_h_l)+e(N_h_r)

. estadd scalar effopt = `ef'

added scalar:
             e(effopt) =  77

. sum $mydepvar if optbw_u32 == 1 & g2smpl == 1 & sem32m == 0

    Variable |        Obs        Mean    Std. Dev.       Min        Max
-------------+---------------------------------------------------------
EEHH_days~30 |         60         9.7    12.62671          1         66

. estadd scalar dvmean = r(mean)

added scalar:
             e(dvmean) =  9.7

. 
. * Heaping control:
. rdrobust $mydepvar NAC_PESO_MADRE if g2smpl == 1 & sem32m == 0, c(1500) scalepar(-1) covs(round100m) all
Mass points detected in the running variable.

Covariate-adjusted sharp RD estimates using local polynomial regression.

   Cutoff c = 1500 | Left of c  Right of c            Number of obs =        234
-------------------+----------------------            BW type       =      mserd
     Number of obs |       141          93            Kernel        = Triangular
Eff. Number of obs |        42          35            VCE method    =         NN
    Order est. (p) |         1           1
    Order bias (q) |         2           2
       BW est. (h) |   162.200     162.200
       BW bias (b) |   297.718     297.718
         rho (h/b) |     0.545       0.545
        Unique obs |        64          61

Outcome: EEHH_days_s30. Running variable: NAC_PESO_MADRE.
--------------------------------------------------------------------------------
            Method |   Coef.    Std. Err.    z     P>|z|    [95% Conf. Interval]
-------------------+------------------------------------------------------------
      Conventional |  5.4878     6.6134   0.8298   0.407   -7.47423      18.4498
    Bias-corrected |  8.1912     6.6134   1.2386   0.216   -4.77081      21.1532
            Robust |  8.1912     7.7485   1.0571   0.290   -6.99567      23.3781
--------------------------------------------------------------------------------
Covariate-adjusted estimates. Additional covariates included: 1
Scale parameter: -1
Estimates adjusted for mass points in the running variable.

. est store ${abbrev}_u32_optbw_heaps

. estadd scalar Hopt = e(h_l)

added scalar:
               e(Hopt) =  162.20033

. estadd scalar Nl   = e(N_h_l)

added scalar:
                 e(Nl) =  42

. estadd scalar Nr   = e(N_h_r)

added scalar:
                 e(Nr) =  35

. local ef = e(N_h_l) + e(N_h_r)

. estadd scalar effopt = `ef'

added scalar:
             e(effopt) =  77

. sum $mydepvar if optbw_u32 == 1 & g2smpl == 1 & sem32m == 0

    Variable |        Obs        Mean    Std. Dev.       Min        Max
-------------+---------------------------------------------------------
EEHH_days~30 |         60         9.7    12.62671          1         66

. estadd scalar dvmean = r(mean)

added scalar:
             e(dvmean) =  9.7

. 
. gen RD_Estimate = .
(425,583 missing values generated)

. lab var RD_Estimate "Birth weight < 1,500"

. 
. ////////////////////////////////////////////////////////////////////////////////
> * OUTPUTS:
. 
. ********************************************************************************
. * Export graphs as .gph:
. graph dir
    g2_ds30_o32_optbw_10bins  g2_ds30_u32_optbw_10bins

. foreach g in `r(list)' {
  2.         graph save `g' "$figsdir/`g'.gph", replace
  3. }
(note: file C:/Users/nicol/Dropbox/Research Projects/Intergenerational/figures/g2_ds30_o32_optbw_10bins.gph not found)
(file C:/Users/nicol/Dropbox/Research Projects/Intergenerational/figures/g2_ds30_o32_optbw_10bins.gph saved)
(note: file C:/Users/nicol/Dropbox/Research Projects/Intergenerational/figures/g2_ds30_u32_optbw_10bins.gph not found)
(file C:/Users/nicol/Dropbox/Research Projects/Intergenerational/figures/g2_ds30_u32_optbw_10bins.gph saved)

. 
. * Export graphs as .eps:
. graph dir
    g2_ds30_o32_optbw_10bins  g2_ds30_u32_optbw_10bins

. foreach g in `r(list)' {
  2.         graph export "$figsdir/`g'.eps", replace name(`g')
  3. }
(note: file C:/Users/nicol/Dropbox/Research Projects/Intergenerational/figures/g2_ds30_o32_optbw_10bins.eps not found)
(file C:/Users/nicol/Dropbox/Research Projects/Intergenerational/figures/g2_ds30_o32_optbw_10bins.eps written in EPS format)
(note: file C:/Users/nicol/Dropbox/Research Projects/Intergenerational/figures/g2_ds30_u32_optbw_10bins.eps not found)
(file C:/Users/nicol/Dropbox/Research Projects/Intergenerational/figures/g2_ds30_u32_optbw_10bins.eps written in EPS format)

. 
. * Export graphs as .png:
. graph dir
    g2_ds30_o32_optbw_10bins  g2_ds30_u32_optbw_10bins

. foreach g in `r(list)' {
  2.         graph export "$figsdir/`g'.png", replace name(`g')
  3. }
(note: file C:/Users/nicol/Dropbox/Research Projects/Intergenerational/figures/g2_ds30_o32_optbw_10bins.png not found)
(file C:/Users/nicol/Dropbox/Research Projects/Intergenerational/figures/g2_ds30_o32_optbw_10bins.png written in PNG format)
(note: file C:/Users/nicol/Dropbox/Research Projects/Intergenerational/figures/g2_ds30_u32_optbw_10bins.png not found)
(file C:/Users/nicol/Dropbox/Research Projects/Intergenerational/figures/g2_ds30_u32_optbw_10bins.png written in PNG format)

. 
. ********************************************************************************
. * Export results as .ster files:
. 
. estimates dir

-------------------------------------------------------
        name | command      depvar       npar  title 
-------------+-----------------------------------------
g2_ds30_o3~w | rdrobust     EEHH_days~30    3  
g2_ds30_o3~s | rdrobust     EEHH_days~30    3  
g2_ds30_u3~w | rdrobust     EEHH_days~30    3  
g2_ds30_u3~s | rdrobust     EEHH_days~30    3  
-------------------------------------------------------

. foreach result in `r(names)' {
  2.         estimates restore `result'
  3.         estimates save "$estdir/`result'", replace
  4. }
(results g2_ds30_o32_optbw are active now)
(note: file C:/Users/nicol/Dropbox/Research Projects/Intergenerational/results/g2_ds30_o32_optbw.ster not found)
file C:/Users/nicol/Dropbox/Research Projects/Intergenerational/results/g2_ds30_o32_optbw.ster saved
(results g2_ds30_o32_optbw_heaps are active now)
(note: file C:/Users/nicol/Dropbox/Research Projects/Intergenerational/results/g2_ds30_o32_optbw_heaps.ster not found)
file C:/Users/nicol/Dropbox/Research Projects/Intergenerational/results/g2_ds30_o32_optbw_heaps.ster saved
(results g2_ds30_u32_optbw are active now)
(note: file C:/Users/nicol/Dropbox/Research Projects/Intergenerational/results/g2_ds30_u32_optbw.ster not found)
file C:/Users/nicol/Dropbox/Research Projects/Intergenerational/results/g2_ds30_u32_optbw.ster saved
(results g2_ds30_u32_optbw_heaps are active now)
(note: file C:/Users/nicol/Dropbox/Research Projects/Intergenerational/results/g2_ds30_u32_optbw_heaps.ster not found)
file C:/Users/nicol/Dropbox/Research Projects/Intergenerational/results/g2_ds30_u32_optbw_heaps.ster saved

. 
. ********************************************************************************
. * TABLES:
. 
. * ${abbrev}_o32_optbw: mother 32+ weeks, optimal bandwidth
. * ${abbrev}_u32_optbw: mother <32 weeks, optimal bandwidth
. * ${abbrev}_o32_optbw_heaps: mother 32+ weeks, optimal bandwidth, control for heaping
. * ${abbrev}_u32_optbw_heaps: mother <32 weeks, optimal bandwidth, control for heaping
. 
. local ests ${abbrev}_o32_optbw ${abbrev}_u32_optbw ${abbrev}_o32_optbw_heaps ${abbrev}_u32_optbw_heaps 

. 
. * Display results:
. esttab `ests', ///
>         cells(b(fmt(%-9.4f) star) se(fmt(%-9.4f) par([ ]) )) label ///
>         nonotes nogaps nonumber collabels(none) modelwidth(12) ///
>         stats(dvmean N Hopt effopt Nl Nr, fmt(%05.3f %12.0gc %5.1f %9.0gc %9.0gc %9.0gc) ///
>       label("Mean of Dep. Var." "Observations" "Optimal Bandwidth" ///
>             "Effective Observations" "Observations (left)" "Observations (right)")) ///
>         starlevel("*" 0.1 "**" 0.05 "***" 0.01) ///
>         mtitles("32+" "<32" "32+" "<32") ///
>         mgroups("No heaping" "Heaping", lhs("Birth Weight < 1500") pattern( 1 0 1 0))

------------------------------------------------------------------------------------
Birth Weight < 1500    No heaping                         Heaping                   
                              32+             <32             32+             <32   
------------------------------------------------------------------------------------
Conventional              -2.7522          3.1229         -3.2499          5.4878   
                         [6.4757]        [6.4760]        [6.2601]        [6.6134]   
Bias-corrected            -5.9531          5.4307         -6.5670          8.1912   
                         [6.4757]        [6.4760]        [6.2601]        [6.6134]   
Robust                    -5.9531          5.4307         -6.5670          8.1912   
                         [7.8856]        [7.6584]        [7.6927]        [7.7485]   
------------------------------------------------------------------------------------
Mean of Dep. Var.           9.678           9.700           9.678           9.700   
Observations               58,756             234          58,756             234   
Optimal Bandwidth           117.1           164.1           121.9           162.2   
Effective Observat~s           87              77              92              77   
Observations (left)            46              42              48              42   
Observations (right)           41              35              44              35   
------------------------------------------------------------------------------------

. 
. * Export results:
. #delimit ;
delimiter now ;
. esttab `ests' using "$tbldir/${abbrev}.tex",
> replace booktabs cells(b(fmt(%-9.4f) star) se(fmt(%-9.4f) par([ ]) )) label
> stats(dvmean N Hopt effopt Nl Nr, fmt(%05.3f %12.0gc %5.1f %9.0gc %9.0gc %9.0gc) 
>       label("\\ Mean of Dep. Var." "Observations" "Optimal Bandwidth" 
>             "Effective Observations" "Observations (left)" "Observations (right)"))
> nonotes nogaps mlabels(, none) nonumbers style(tex) fragment noline /*keep(RD_Estimate)*/
> collabels(none) starlevel("*" 0.1 "**" 0.05 "***" 0.01);
(note: file C:/Users/nicol/Dropbox/Research Projects/Intergenerational/textables/g2_ds30.tex not found)
(output written to C:/Users/nicol/Dropbox/Research Projects/Intergenerational/textables/g2_ds30.tex)

. #delimit cr
delimiter now cr
. 
. 
. log close _all
      name:  masterlog
       log:  C:/Users/nicol/Dropbox/Research Projects/Intergenerational/statalogs/nlillob_20210913_g2_ds30.log
  log type:  text
 closed on:  13 Sep 2021, 15:19:51
----------------------------------------------------------------------------------------------------------------------------------------------------------------------
