----------------------------------------------------------------------------------------------------------------------------------------------------------------------
      name:  masterlog
       log:  C:/Users/nicol/Dropbox/Research Projects/Intergenerational/statalogs/nlillob_20210913_g2_hvXy01.log
  log type:  text
 opened on:  13 Sep 2021, 15:54:42

. 
. * Set graph options:
. global gphoptns scheme(lean2) ///
>                                 ytitle("Child's hospital visits by age 1 (2nd generation)") ///
>                                 xtitle("Mother's birthweight in grams (1st generation)") ///
>                                 legend(off) /*ylabel(0(10)30)*/

. 
. ////////////////////////////////////////////////////////////////////////////////
> * Change to directory:
. cd "$dtadir/DEIS"
C:\Users\nicol\Dropbox\Research Projects\Intergenerational\data\dta\DEIS

. 
. * Load data:
. use "${lastworkdata}.dta", clear
(Working dataset 10 Sep 2021)

. 
. * Base sample for second generation:
. /* 
> -> children for whom we have mother's birth data:  NAC_mrg_mbdata2main == 3
> -> children of mothers who were between 15 and 45 years old at time of birth: 
>                 NAC_EDAD_MADRE >= 15 & NAC_EDAD_MADRE <= 45
> -> children born from 2007 onwards (only 12 births between 2001-2006 given above
>  constraints): NAC_ANO_NAC >= 2007
> */
. gen g2smpl = NAC_mrg_mbdata2main == 3 ///
>         & NAC_EDAD_MADRE >= 15 & NAC_EDAD_MADRE <= 45 ///
>         & NAC_ANO_NAC >= 2007

. 
. * Show birth years for cohorts in sample:
. tab NAC_ANO_NAC g2smpl

 Año de la |
  fecha de |        g2smpl
nacimiento |         0          1 |     Total
-----------+----------------------+----------
      1992 |   278,981          0 |   278,981 
      1993 |   275,773          0 |   275,773 
      1994 |   273,757          0 |   273,757 
      1995 |   265,901          0 |   265,901 
      1996 |   264,777          0 |   264,777 
      1997 |   259,975          0 |   259,975 
      1998 |   257,103          0 |   257,103 
      1999 |   250,407          0 |   250,407 
      2000 |   248,869          0 |   248,869 
      2001 |   215,709          0 |   215,709 
      2002 |   212,096          0 |   212,096 
      2003 |   230,470          0 |   230,470 
      2004 |   230,348          0 |   230,348 
      2005 |   230,827          0 |   230,827 
      2006 |   231,378          0 |   231,378 
      2007 |   239,470      1,097 |   240,567 
      2008 |   241,602      4,963 |   246,565 
      2009 |   241,057     11,161 |   252,218 
      2010 |   232,187     18,444 |   250,631 
      2011 |   219,686     27,661 |   247,347 
      2012 |   207,187     36,437 |   243,624 
      2013 |   198,500     43,498 |   241,998 
      2014 |   199,359     51,636 |   250,995 
      2015 |   189,062     55,604 |   244,666 
      2016 |   175,287     56,456 |   231,743 
      2017 |   161,442     57,741 |   219,183 
      2018 |   160,845     60,885 |   221,730 
-----------+----------------------+----------
     Total | 6,192,055    425,583 | 6,617,638 

. 
. * Show birth years for the MOTHERS in the sample:
. tab NAC_ANO_NAC_MADRE g2smpl if birth_order_by_mother_u == 1

    Madre: |
 Año de la |
  fecha de |        g2smpl
nacimiento |         0          1 |     Total
-----------+----------------------+----------
      1992 |       789     64,821 |    65,610 
      1993 |       908     58,448 |    59,356 
      1994 |       904     52,622 |    53,526 
      1995 |       933     44,175 |    45,108 
      1996 |       850     36,726 |    37,576 
      1997 |       876     28,430 |    29,306 
      1998 |       861     20,568 |    21,429 
      1999 |       846     12,856 |    13,702 
      2000 |       720      7,282 |     8,002 
      2001 |       578      3,338 |     3,916 
      2002 |       485      1,395 |     1,880 
      2003 |       347        317 |       664 
      2004 |       230          0 |       230 
      2005 |        33          0 |        33 
      2006 |         3          0 |         3 
-----------+----------------------+----------
     Total |     9,363    330,978 |   340,341 

. 
. * Summarize dependent variable by birth year, restricted to sample:
. tabstat $mydepvar if g2smpl == 1, by(NAC_ANO_NAC) s(N mean min max)

Summary for variables: hospvsts_by_01
     by categories of: NAC_ANO_NAC (Año de la fecha de nacimiento)

NAC_ANO~C |         N      mean       min       max
----------+----------------------------------------
     2007 |      1083  .3471837         0         6
     2008 |      4892  .3411693         0        11
     2009 |     11061  .3696772         0        26
     2010 |     18271  .3483115         0        13
     2011 |     27411  .3478895         0        24
     2012 |     36121  .3462806         0        21
     2013 |     43165  .3337426         0        45
     2014 |     51223  .3388126         0        35
     2015 |     55165  .3445482         0        12
     2016 |     56062  .3494702         0        36
     2017 |     57257  .3638507         0        51
     2018 |         0         .         .         .
----------+----------------------------------------
    Total |    361711  .3476118         0        51
---------------------------------------------------

. 
. * Drop unused observations to speed things up:
. keep if g2smpl == 1
(6,192,055 observations deleted)

. compress
  variable DEF_EDAD_CANT was int now byte
  variable EEHH_nvsts_y07 was int now byte
  variable EEHH_nvsts_y09 was int now byte
  variable EEHH_nvsts_y11 was int now byte
  variable EEHH_nvsts_y12 was int now byte
  variable EEHH_nvsts_y15 was int now byte
  variable EEHH_nvsts_y16 was int now byte
  variable EEHH_nvsts_y17 was int now byte
  variable EEHH_days_y10 was int now byte
  variable EEHH_days_y11 was int now byte
  variable EEHH_days_y12 was int now byte
  variable EEHH_days_y13 was int now byte
  variable EEHH_days_y14 was int now byte
  variable EEHH_days_y15 was int now byte
  variable EEHH_days_y16 was int now byte
  variable EEHH_days_y17 was int now byte
  variable EEHH_days_y18 was int now byte
  variable EEHH_days_y19 was int now byte
  variable EEHH_days_y20 was int now byte
  variable EEHH_days_y21 was int now byte
  variable EEHH_days_y22 was int now byte
  variable EEHH_days_y23 was int now byte
  variable EEHH_days_y24 was int now byte
  variable EEHH_days_y25 was int now byte
  variable EEHH_days_y26 was int now byte
  variable EEHH_days_y27 was int now byte
  variable EEHH_days_s00 was int now byte
  variable EEHH_days_y10_priv was int now byte
  variable EEHH_days_y11_priv was int now byte
  variable EEHH_days_y12_priv was int now byte
  variable EEHH_days_y13_priv was int now byte
  variable EEHH_days_y14_priv was int now byte
  variable EEHH_days_y15_priv was int now byte
  variable EEHH_days_y16_priv was int now byte
  variable EEHH_days_y17_priv was int now byte
  variable EEHH_days_y18_priv was int now byte
  variable EEHH_days_y19_priv was int now byte
  variable EEHH_days_y20_priv was int now byte
  variable EEHH_days_y21_priv was int now byte
  variable EEHH_days_y22_priv was int now byte
  variable EEHH_days_y23_priv was int now byte
  variable EEHH_days_y24_priv was int now byte
  variable EEHH_days_y25_priv was int now byte
  variable EEHH_days_y26_priv was int now byte
  variable EEHH_days_s00_priv was int now byte
  variable EEHH_nvsts_y11_priv was int now byte
  variable EEHH_nvsts_y15_priv was int now byte
  variable EEHH_nvsts_y16_priv was int now byte
  variable EEHH_nvsts_y17_priv was int now byte
  variable EEHH_days_y10_publ was int now byte
  variable EEHH_days_y11_publ was int now byte
  variable EEHH_days_y12_publ was int now byte
  variable EEHH_days_y13_publ was int now byte
  variable EEHH_days_y14_publ was int now byte
  variable EEHH_days_y15_publ was int now byte
  variable EEHH_days_y16_publ was int now byte
  variable EEHH_days_y17_publ was int now byte
  variable EEHH_days_y18_publ was int now byte
  variable EEHH_days_y19_publ was int now byte
  variable EEHH_days_y20_publ was int now byte
  variable EEHH_days_y21_publ was int now byte
  variable EEHH_days_y22_publ was int now byte
  variable EEHH_days_y23_publ was int now byte
  variable EEHH_days_y24_publ was int now byte
  variable EEHH_days_y25_publ was int now byte
  variable EEHH_days_y26_publ was int now byte
  variable EEHH_days_y27_publ was int now byte
  variable EEHH_days_s00_publ was int now byte
  variable EEHH_nvsts_y07_publ was int now byte
  variable EEHH_nvsts_y09_publ was int now byte
  variable EEHH_nvsts_y11_publ was int now byte
  variable EEHH_nvsts_y12_publ was int now byte
  variable EEHH_nvsts_y15_publ was int now byte
  variable EEHH_nvsts_y16_publ was int now byte
  variable hospvsts_by_09 was int now byte
  variable hospvsts_by_10 was int now byte
  variable hospvsts_by_11 was int now byte
  variable hospdays_by_12 was int now byte
  variable hospvsts_by_12 was int now byte
  variable hospdays2_by_12 was int now byte
  variable hospdays_by_13 was int now byte
  variable hospvsts_by_13 was int now byte
  variable hospdays2_by_13 was int now byte
  variable hospdays_by_14 was int now byte
  variable hospvsts_by_14 was int now byte
  variable hospdays2_by_14 was int now byte
  variable hospdays_by_15 was int now byte
  variable hospvsts_by_15 was int now byte
  variable hospdays2_by_15 was int now byte
  variable hospdays_by_16 was int now byte
  variable hospvsts_by_16 was int now byte
  variable hospdays2_by_16 was int now byte
  variable hospdays_by_17 was int now byte
  variable hospvsts_by_17 was int now byte
  variable hospdays2_by_17 was int now byte
  variable hospdays_by_18 was int now byte
  variable hospvsts_by_18 was int now byte
  variable hospdays2_by_18 was int now byte
  variable hospdays_by_19 was int now byte
  variable hospvsts_by_19 was int now byte
  variable hospdays2_by_19 was int now byte
  variable hospdays_by_20 was int now byte
  variable hospvsts_by_20 was int now byte
  variable hospdays2_by_20 was int now byte
  variable hospdays_by_21 was int now byte
  variable hospvsts_by_21 was int now byte
  variable hospdays2_by_21 was int now byte
  variable hospdays_by_22 was int now byte
  variable hospvsts_by_22 was int now byte
  variable hospdays2_by_22 was int now byte
  variable hospdays_by_23 was int now byte
  variable hospvsts_by_23 was int now byte
  variable hospdays2_by_23 was int now byte
  variable hospdays_by_24 was int now byte
  variable hospvsts_by_24 was int now byte
  variable hospdays2_by_24 was int now byte
  variable hospdays_by_25 was int now byte
  variable hospvsts_by_25 was int now byte
  variable hospdays2_by_25 was int now byte
  variable hospdays_by_26 was int now byte
  variable hospvsts_by_26 was int now byte
  variable hospdays2_by_26 was int now byte
  variable hospdays_by_27 was int now byte
  variable hospdays2_by_27 was int now byte
  variable g2smpl was float now byte
  variable NAC_PAIS_ORIGEN_MADRE was str41 now str40
  variable DEF_GLOSA_OCUPACION was str68 now str27
  variable DEF_CODIGO_TERMINO_DIAGNOSTICO_1 was str19 now str16
  variable DEF_CODIGO_TERMINO_DIAGNOSTICO_2 was str19 now str16
  variable DEF_CODIGO_TERMINO_DIAGNOSTICO_4 was str29 now str24
  (76,604,940 bytes saved)

. 
. ////////////////////////////////////////////////////////////////////////////////
> **** RDPLOT GRAPHS ****
. 
. ********************************************************************************
. * Over 32 weeks gestation (of the mother):
. rdbwselect $mydepvar NAC_PESO_MADRE if g2smpl == 1 & sem32m == 1, c(1500)
Mass points detected in the running variable.

Bandwidth estimators for sharp RD local polynomial regression.

       Cutoff c =  | Left of c  Right of c            Number of obs =     359000
-------------------+----------------------            Kernel        = Triangular
     Number of obs |       451      358549            VCE method    =         NN
Min of NAC_PESO_MADRE |   240.000 1500.000
Max of NAC_PESO_MADRE |  1490.000 6480.000
    Order est. (p) |         1           1
    Order bias (q) |         2           2
        Unique obs |        96        1269

Outcome: hospvsts_by_01. Running variable: NAC_PESO_MADRE.
--------------------------------------------------------------------------------
                   |         BW est. (h)          |        BW bias (b)
            Method | Left of c         Right of c | Left of c        Right of c
-------------------+------------------------------+-----------------------------
             mserd |   266.126            266.126 |   451.620           451.620
--------------------------------------------------------------------------------
Estimates adjusted for mass points in the running variable.

. scalar RBW_o32 = e(h_mserd)

. scalar LBW_o32 = e(h_mserd)

. scalar maxwt_o32 = 1500 + RBW_o32

. scalar minwt_o32 = 1500 - LBW_o32

. gen optbw_o32 = NAC_PESO_MADRE >= minwt_o32 & NAC_PESO_MADRE <= maxwt_o32

. 
. rdplot $mydepvar NAC_PESO_MADRE ///
>         if optbw_o32 == 1 & g2smpl == 1 & sem32m == 1, ///
>         c(1500) nbins(10) p(2) ///
>         graph_options(${gphoptns} name(${abbrev}_o32_optbw_10bins, replace))
Mass points detected in the running variable.

RD Plot with RD plot with manually set number of bins.

      Cutoff c = 1500 | Left of c  Right of c        Number of obs  =       1140
----------------------+----------------------        Kernel         =    Uniform
        Number of obs |       307         833
   Eff. Number of obs |       307         833
  Order poly. fit (p) |         2           2
     BW poly. fit (h) |   265.000     260.000
 Number of bins scale |     1.000       1.000

Outcome: hospvsts_by_01. Running variable: NAC_PESO_MADRE.
---------------------------------------------
                      | Left of c  Right of c
----------------------+----------------------
        Bins selected |        10          10
   Average bin length |    26.500      26.000
    Median bin length |    26.500      26.000
----------------------+----------------------
    IMSE-optimal bins |         4           4
  Mimicking Var. bins |        25          23
----------------------+----------------------
Rel. to IMSE-optimal: | 
        Implied scale |     2.500       2.500
    WIMSE var. weight |     0.060       0.060
    WIMSE bias weight |     0.940       0.940
---------------------------------------------


.                                         
. rdplot $mydepvar NAC_PESO_MADRE ///
>         if optbw_o32 == 1 & g2smpl == 1 & sem32m == 1, ///
>         c(1500) nbins(20) p(2) ///
>         graph_options(${gphoptns} name(${abbrev}_o32_optbw_20bins, replace))
Mass points detected in the running variable.

RD Plot with RD plot with manually set number of bins.

      Cutoff c = 1500 | Left of c  Right of c        Number of obs  =       1140
----------------------+----------------------        Kernel         =    Uniform
        Number of obs |       307         833
   Eff. Number of obs |       307         833
  Order poly. fit (p) |         2           2
     BW poly. fit (h) |   265.000     260.000
 Number of bins scale |     1.000       1.000

Outcome: hospvsts_by_01. Running variable: NAC_PESO_MADRE.
---------------------------------------------
                      | Left of c  Right of c
----------------------+----------------------
        Bins selected |        20          20
   Average bin length |    13.250      13.000
    Median bin length |    13.250      13.000
----------------------+----------------------
    IMSE-optimal bins |         4           4
  Mimicking Var. bins |        25          23
----------------------+----------------------
Rel. to IMSE-optimal: | 
        Implied scale |     5.000       5.000
    WIMSE var. weight |     0.008       0.008
    WIMSE bias weight |     0.992       0.992
---------------------------------------------


.                                         
. rdplot $mydepvar NAC_PESO_MADRE ///
>         if optbw_o32 == 1 & g2smpl == 1 & sem32m == 1, ///
>         c(1500) p(2) ///
>         graph_options(${gphoptns} name(${abbrev}_o32_optbw_optbins, replace))
Mass points detected in the running variable.

RD Plot with evenly spaced mimicking variance number of bins using polynomial regression.

      Cutoff c = 1500 | Left of c  Right of c        Number of obs  =       1140
----------------------+----------------------        Kernel         =    Uniform
        Number of obs |       307         833
   Eff. Number of obs |       307         833
  Order poly. fit (p) |         2           2
     BW poly. fit (h) |   265.000     260.000
 Number of bins scale |     1.000       1.000

Outcome: hospvsts_by_01. Running variable: NAC_PESO_MADRE.
---------------------------------------------
                      | Left of c  Right of c
----------------------+----------------------
        Bins selected |        25          23
   Average bin length |    10.600      11.304
    Median bin length |    10.600      11.304
----------------------+----------------------
    IMSE-optimal bins |         4           4
  Mimicking Var. bins |        25          23
----------------------+----------------------
Rel. to IMSE-optimal: | 
        Implied scale |     6.250       5.750
    WIMSE var. weight |     0.004       0.005
    WIMSE bias weight |     0.996       0.995
---------------------------------------------


. 
. ********************************************************************************
. * Under 32 weeks gestation (of the mother):
. /* (Note: so few observations that all bin selection procedures yield the same 
> quantity of bins */
. rdbwselect $mydepvar NAC_PESO_MADRE if g2smpl == 1 & sem32m == 0, c(1500)
Mass points detected in the running variable.

Bandwidth estimators for sharp RD local polynomial regression.

       Cutoff c =  | Left of c  Right of c            Number of obs =       1211
-------------------+----------------------            Kernel        = Triangular
     Number of obs |       642         569            VCE method    =         NN
Min of NAC_PESO_MADRE |   600.000 1500.000
Max of NAC_PESO_MADRE |  1490.000 4710.000
    Order est. (p) |         1           1
    Order bias (q) |         2           2
        Unique obs |       115         168

Outcome: hospvsts_by_01. Running variable: NAC_PESO_MADRE.
--------------------------------------------------------------------------------
                   |         BW est. (h)          |        BW bias (b)
            Method | Left of c         Right of c | Left of c        Right of c
-------------------+------------------------------+-----------------------------
             mserd |   304.735            304.735 |   484.886           484.886
--------------------------------------------------------------------------------
Estimates adjusted for mass points in the running variable.

. scalar RBW_u32 = e(h_mserd)

. scalar LBW_u32 = e(h_mserd)

. scalar maxwt_u32 = 1500 + RBW_o32

. scalar minwt_u32 = 1500 - LBW_o32

. gen optbw_u32 = NAC_PESO_MADRE >= minwt_u32 & NAC_PESO_MADRE <= maxwt_u32

.                                 
. rdplot $mydepvar NAC_PESO_MADRE ///
>         if optbw_u32 == 1 & g2smpl == 1 & sem32m == 0, ///
>         c(1500) nbins(10) p(2) ///
>         graph_options(${gphoptns} name(${abbrev}_u32_optbw_10bins, replace))
Mass points detected in the running variable.

RD Plot with RD plot with manually set number of bins.

      Cutoff c = 1500 | Left of c  Right of c        Number of obs  =        522
----------------------+----------------------        Kernel         =    Uniform
        Number of obs |       291         231
   Eff. Number of obs |       291         231
  Order poly. fit (p) |         2           2
     BW poly. fit (h) |   260.000     260.000
 Number of bins scale |     1.000       1.000

Outcome: hospvsts_by_01. Running variable: NAC_PESO_MADRE.
---------------------------------------------
                      | Left of c  Right of c
----------------------+----------------------
        Bins selected |        10          10
   Average bin length |    26.000      26.000
    Median bin length |    26.000      26.000
----------------------+----------------------
    IMSE-optimal bins |         4           7
  Mimicking Var. bins |        15          13
----------------------+----------------------
Rel. to IMSE-optimal: | 
        Implied scale |     2.500       1.429
    WIMSE var. weight |     0.060       0.255
    WIMSE bias weight |     0.940       0.745
---------------------------------------------


.                                         
. rdplot $mydepvar NAC_PESO_MADRE ///
>         if optbw_u32 == 1 & g2smpl == 1 & sem32m == 0, ///
>         c(1500) nbins(20) p(2) ///
>         graph_options(${gphoptns} name(${abbrev}_u32_optbw_20bins, replace))
Mass points detected in the running variable.

RD Plot with RD plot with manually set number of bins.

      Cutoff c = 1500 | Left of c  Right of c        Number of obs  =        522
----------------------+----------------------        Kernel         =    Uniform
        Number of obs |       291         231
   Eff. Number of obs |       291         231
  Order poly. fit (p) |         2           2
     BW poly. fit (h) |   260.000     260.000
 Number of bins scale |     1.000       1.000

Outcome: hospvsts_by_01. Running variable: NAC_PESO_MADRE.
---------------------------------------------
                      | Left of c  Right of c
----------------------+----------------------
        Bins selected |        20          20
   Average bin length |    13.000      13.000
    Median bin length |    13.000      13.000
----------------------+----------------------
    IMSE-optimal bins |         4           7
  Mimicking Var. bins |        15          13
----------------------+----------------------
Rel. to IMSE-optimal: | 
        Implied scale |     5.000       2.857
    WIMSE var. weight |     0.008       0.041
    WIMSE bias weight |     0.992       0.959
---------------------------------------------


.                                         
. rdplot $mydepvar NAC_PESO_MADRE ///
>         if optbw_u32 == 1 & g2smpl == 1 & sem32m == 0, ///
>         c(1500) p(2) ///
>         graph_options(${gphoptns} name(${abbrev}_u32_optbw_optbins, replace))
Mass points detected in the running variable.

RD Plot with evenly spaced mimicking variance number of bins using polynomial regression.

      Cutoff c = 1500 | Left of c  Right of c        Number of obs  =        522
----------------------+----------------------        Kernel         =    Uniform
        Number of obs |       291         231
   Eff. Number of obs |       291         231
  Order poly. fit (p) |         2           2
     BW poly. fit (h) |   260.000     260.000
 Number of bins scale |     1.000       1.000

Outcome: hospvsts_by_01. Running variable: NAC_PESO_MADRE.
---------------------------------------------
                      | Left of c  Right of c
----------------------+----------------------
        Bins selected |        15          13
   Average bin length |    17.333      20.000
    Median bin length |    17.333      20.000
----------------------+----------------------
    IMSE-optimal bins |         4           7
  Mimicking Var. bins |        15          13
----------------------+----------------------
Rel. to IMSE-optimal: | 
        Implied scale |     3.750       1.857
    WIMSE var. weight |     0.019       0.135
    WIMSE bias weight |     0.981       0.865
---------------------------------------------


. 
. ////////////////////////////////////////////////////////////////////////////////
> 
. * REGRESSIONS:
. ********************************************************************************
. * Over 32 weeks gestation (of the mother):
. * No controls:
. rdrobust $mydepvar NAC_PESO_MADRE if g2smpl == 1 & sem32m==1, c(1500) scalepar(-1) all
Mass points detected in the running variable.

Sharp RD estimates using local polynomial regression.

   Cutoff c = 1500 | Left of c  Right of c            Number of obs =     359000
-------------------+----------------------            BW type       =      mserd
     Number of obs |       451      358549            Kernel        = Triangular
Eff. Number of obs |       307         833            VCE method    =         NN
    Order est. (p) |         1           1
    Order bias (q) |         2           2
       BW est. (h) |   266.126     266.126
       BW bias (b) |   451.620     451.620
         rho (h/b) |     0.589       0.589
        Unique obs |        96        1269

Outcome: hospvsts_by_01. Running variable: NAC_PESO_MADRE.
--------------------------------------------------------------------------------
            Method |   Coef.    Std. Err.    z     P>|z|    [95% Conf. Interval]
-------------------+------------------------------------------------------------
      Conventional |  .14625     .09887   1.4793   0.139   -.047525      .340032
    Bias-corrected |  .14009     .09887   1.4170   0.156   -.053685      .333872
            Robust |  .14009     .11778   1.1894   0.234   -.090758      .370944
--------------------------------------------------------------------------------
Scale parameter: -1
Estimates adjusted for mass points in the running variable.

. est store ${abbrev}_o32_optbw

. estadd scalar Hopt = e(h_l)

added scalar:
               e(Hopt) =  266.12587

. estadd scalar Nl   = e(N_h_l)

added scalar:
                 e(Nl) =  307

. estadd scalar Nr   = e(N_h_r)

added scalar:
                 e(Nr) =  833

. local ef = e(N_h_l)+e(N_h_r)

. estadd scalar effopt = `ef'

added scalar:
             e(effopt) =  1140

. sum $mydepvar if optbw_o32 == 1 & g2smpl == 1 & sem32m == 1

    Variable |        Obs        Mean    Std. Dev.       Min        Max
-------------+---------------------------------------------------------
hospvsts_~01 |      1,140    .3692982    .7712602          0          9

. estadd scalar dvmean = r(mean)

added scalar:
             e(dvmean) =  .36929825

. 
. * Heaping control:
. rdrobust $mydepvar NAC_PESO_MADRE if g2smpl == 1 & sem32m == 1, c(1500) scalepar(-1) covs(round100m) all
Mass points detected in the running variable.

Covariate-adjusted sharp RD estimates using local polynomial regression.

   Cutoff c = 1500 | Left of c  Right of c            Number of obs =     359000
-------------------+----------------------            BW type       =      mserd
     Number of obs |       451      358549            Kernel        = Triangular
Eff. Number of obs |       319         919            VCE method    =         NN
    Order est. (p) |         1           1
    Order bias (q) |         2           2
       BW est. (h) |   281.138     281.138
       BW bias (b) |   478.809     478.809
         rho (h/b) |     0.587       0.587
        Unique obs |        96        1269

Outcome: hospvsts_by_01. Running variable: NAC_PESO_MADRE.
--------------------------------------------------------------------------------
            Method |   Coef.    Std. Err.    z     P>|z|    [95% Conf. Interval]
-------------------+------------------------------------------------------------
      Conventional |   .1486     .09678   1.5354   0.125   -.041095       .33829
    Bias-corrected |   .1464     .09678   1.5127   0.130   -.043292      .336093
            Robust |   .1464     .11462   1.2773   0.201   -.078244      .371045
--------------------------------------------------------------------------------
Covariate-adjusted estimates. Additional covariates included: 1
Scale parameter: -1
Estimates adjusted for mass points in the running variable.

. est store ${abbrev}_o32_optbw_heaps

. estadd scalar Hopt = e(h_l)

added scalar:
               e(Hopt) =  281.13793

. estadd scalar Nl   = e(N_h_l)

added scalar:
                 e(Nl) =  319

. estadd scalar Nr   = e(N_h_r)

added scalar:
                 e(Nr) =  919

. local ef = e(N_h_l)+e(N_h_r)

. estadd scalar effopt = `ef'

added scalar:
             e(effopt) =  1238

. sum $mydepvar if optbw_o32 == 1 & g2smpl == 1 & sem32m == 1

    Variable |        Obs        Mean    Std. Dev.       Min        Max
-------------+---------------------------------------------------------
hospvsts_~01 |      1,140    .3692982    .7712602          0          9

. estadd scalar dvmean = r(mean)

added scalar:
             e(dvmean) =  .36929825

. 
. ********************************************************************************
. * Under 32 weeks gestation (of the mother):
. * No controls:
. rdrobust $mydepvar NAC_PESO_MADRE if g2smpl == 1 & sem32m == 0, c(1500) scalepar(-1) all
Mass points detected in the running variable.

Sharp RD estimates using local polynomial regression.

   Cutoff c = 1500 | Left of c  Right of c            Number of obs =       1211
-------------------+----------------------            BW type       =      mserd
     Number of obs |       642         569            Kernel        = Triangular
Eff. Number of obs |       341         257            VCE method    =         NN
    Order est. (p) |         1           1
    Order bias (q) |         2           2
       BW est. (h) |   304.735     304.735
       BW bias (b) |   484.886     484.886
         rho (h/b) |     0.628       0.628
        Unique obs |       115         168

Outcome: hospvsts_by_01. Running variable: NAC_PESO_MADRE.
--------------------------------------------------------------------------------
            Method |   Coef.    Std. Err.    z     P>|z|    [95% Conf. Interval]
-------------------+------------------------------------------------------------
      Conventional |  .08064     .11873   0.6792   0.497   -.152063      .313353
    Bias-corrected |  .10729     .11873   0.9036   0.366   -.125422      .339993
            Robust |  .10729     .14095   0.7612   0.447   -.168966      .383537
--------------------------------------------------------------------------------
Scale parameter: -1
Estimates adjusted for mass points in the running variable.

. est store ${abbrev}_u32_optbw

. estadd scalar Hopt = e(h_l)

added scalar:
               e(Hopt) =  304.73545

. estadd scalar Nl   = e(N_h_l)

added scalar:
                 e(Nl) =  341

. estadd scalar Nr   = e(N_h_r)

added scalar:
                 e(Nr) =  257

. local ef = e(N_h_l)+e(N_h_r)

. estadd scalar effopt = `ef'

added scalar:
             e(effopt) =  598

. sum $mydepvar if optbw_u32 == 1 & g2smpl == 1 & sem32m == 0

    Variable |        Obs        Mean    Std. Dev.       Min        Max
-------------+---------------------------------------------------------
hospvsts_~01 |        522    .3908046    .7255627          0          5

. estadd scalar dvmean = r(mean)

added scalar:
             e(dvmean) =  .3908046

. 
. * Heaping control:
. rdrobust $mydepvar NAC_PESO_MADRE if g2smpl == 1 & sem32m == 0, c(1500) scalepar(-1) covs(round100m) all
Mass points detected in the running variable.

Covariate-adjusted sharp RD estimates using local polynomial regression.

   Cutoff c = 1500 | Left of c  Right of c            Number of obs =       1211
-------------------+----------------------            BW type       =      mserd
     Number of obs |       642         569            Kernel        = Triangular
Eff. Number of obs |       342         257            VCE method    =         NN
    Order est. (p) |         1           1
    Order bias (q) |         2           2
       BW est. (h) |   308.137     308.137
       BW bias (b) |   481.193     481.193
         rho (h/b) |     0.640       0.640
        Unique obs |       115         168

Outcome: hospvsts_by_01. Running variable: NAC_PESO_MADRE.
--------------------------------------------------------------------------------
            Method |   Coef.    Std. Err.    z     P>|z|    [95% Conf. Interval]
-------------------+------------------------------------------------------------
      Conventional |  .03879     .11788   0.3291   0.742   -.192255      .269839
    Bias-corrected |  .05665     .11788   0.4806   0.631   -.174396      .287697
            Robust |  .05665     .14084   0.4022   0.688   -.219388      .332689
--------------------------------------------------------------------------------
Covariate-adjusted estimates. Additional covariates included: 1
Scale parameter: -1
Estimates adjusted for mass points in the running variable.

. est store ${abbrev}_u32_optbw_heaps

. estadd scalar Hopt = e(h_l)

added scalar:
               e(Hopt) =  308.13738

. estadd scalar Nl   = e(N_h_l)

added scalar:
                 e(Nl) =  342

. estadd scalar Nr   = e(N_h_r)

added scalar:
                 e(Nr) =  257

. local ef = e(N_h_l) + e(N_h_r)

. estadd scalar effopt = `ef'

added scalar:
             e(effopt) =  599

. sum $mydepvar if optbw_u32 == 1 & g2smpl == 1 & sem32m == 0

    Variable |        Obs        Mean    Std. Dev.       Min        Max
-------------+---------------------------------------------------------
hospvsts_~01 |        522    .3908046    .7255627          0          5

. estadd scalar dvmean = r(mean)

added scalar:
             e(dvmean) =  .3908046

. 
. gen RD_Estimate = .
(425,583 missing values generated)

. lab var RD_Estimate "Birth weight < 1,500"

. 
. ////////////////////////////////////////////////////////////////////////////////
> * OUTPUTS:
. 
. ********************************************************************************
. * Export graphs as .gph:
. graph dir
    g2_hvXy01_o32_optbw_10bins   g2_hvXy01_o32_optbw_optbins  g2_hvXy01_u32_optbw_20bins
    g2_hvXy01_o32_optbw_20bins   g2_hvXy01_u32_optbw_10bins   g2_hvXy01_u32_optbw_optbins

. foreach g in `r(list)' {
  2.         graph save `g' "$figsdir/`g'.gph", replace
  3. }
(note: file C:/Users/nicol/Dropbox/Research Projects/Intergenerational/figures/g2_hvXy01_o32_optbw_10bins.gph not found)
(file C:/Users/nicol/Dropbox/Research Projects/Intergenerational/figures/g2_hvXy01_o32_optbw_10bins.gph saved)
(note: file C:/Users/nicol/Dropbox/Research Projects/Intergenerational/figures/g2_hvXy01_o32_optbw_20bins.gph not found)
(file C:/Users/nicol/Dropbox/Research Projects/Intergenerational/figures/g2_hvXy01_o32_optbw_20bins.gph saved)
(note: file C:/Users/nicol/Dropbox/Research Projects/Intergenerational/figures/g2_hvXy01_o32_optbw_optbins.gph not found)
(file C:/Users/nicol/Dropbox/Research Projects/Intergenerational/figures/g2_hvXy01_o32_optbw_optbins.gph saved)
(note: file C:/Users/nicol/Dropbox/Research Projects/Intergenerational/figures/g2_hvXy01_u32_optbw_10bins.gph not found)
(file C:/Users/nicol/Dropbox/Research Projects/Intergenerational/figures/g2_hvXy01_u32_optbw_10bins.gph saved)
(note: file C:/Users/nicol/Dropbox/Research Projects/Intergenerational/figures/g2_hvXy01_u32_optbw_20bins.gph not found)
(file C:/Users/nicol/Dropbox/Research Projects/Intergenerational/figures/g2_hvXy01_u32_optbw_20bins.gph saved)
(note: file C:/Users/nicol/Dropbox/Research Projects/Intergenerational/figures/g2_hvXy01_u32_optbw_optbins.gph not found)
(file C:/Users/nicol/Dropbox/Research Projects/Intergenerational/figures/g2_hvXy01_u32_optbw_optbins.gph saved)

. 
. * Export graphs as .eps:
. graph dir
    g2_hvXy01_o32_optbw_10bins   g2_hvXy01_o32_optbw_optbins  g2_hvXy01_u32_optbw_20bins
    g2_hvXy01_o32_optbw_20bins   g2_hvXy01_u32_optbw_10bins   g2_hvXy01_u32_optbw_optbins

. foreach g in `r(list)' {
  2.         graph export "$figsdir/`g'.eps", replace name(`g')
  3. }
(note: file C:/Users/nicol/Dropbox/Research Projects/Intergenerational/figures/g2_hvXy01_o32_optbw_10bins.eps not found)
(file C:/Users/nicol/Dropbox/Research Projects/Intergenerational/figures/g2_hvXy01_o32_optbw_10bins.eps written in EPS format)
(note: file C:/Users/nicol/Dropbox/Research Projects/Intergenerational/figures/g2_hvXy01_o32_optbw_20bins.eps not found)
(file C:/Users/nicol/Dropbox/Research Projects/Intergenerational/figures/g2_hvXy01_o32_optbw_20bins.eps written in EPS format)
(note: file C:/Users/nicol/Dropbox/Research Projects/Intergenerational/figures/g2_hvXy01_o32_optbw_optbins.eps not found)
(file C:/Users/nicol/Dropbox/Research Projects/Intergenerational/figures/g2_hvXy01_o32_optbw_optbins.eps written in EPS format)
(note: file C:/Users/nicol/Dropbox/Research Projects/Intergenerational/figures/g2_hvXy01_u32_optbw_10bins.eps not found)
(file C:/Users/nicol/Dropbox/Research Projects/Intergenerational/figures/g2_hvXy01_u32_optbw_10bins.eps written in EPS format)
(note: file C:/Users/nicol/Dropbox/Research Projects/Intergenerational/figures/g2_hvXy01_u32_optbw_20bins.eps not found)
(file C:/Users/nicol/Dropbox/Research Projects/Intergenerational/figures/g2_hvXy01_u32_optbw_20bins.eps written in EPS format)
(note: file C:/Users/nicol/Dropbox/Research Projects/Intergenerational/figures/g2_hvXy01_u32_optbw_optbins.eps not found)
(file C:/Users/nicol/Dropbox/Research Projects/Intergenerational/figures/g2_hvXy01_u32_optbw_optbins.eps written in EPS format)

. 
. * Export graphs as .png:
. graph dir
    g2_hvXy01_o32_optbw_10bins   g2_hvXy01_o32_optbw_optbins  g2_hvXy01_u32_optbw_20bins
    g2_hvXy01_o32_optbw_20bins   g2_hvXy01_u32_optbw_10bins   g2_hvXy01_u32_optbw_optbins

. foreach g in `r(list)' {
  2.         graph export "$figsdir/`g'.png", replace name(`g')
  3. }
(note: file C:/Users/nicol/Dropbox/Research Projects/Intergenerational/figures/g2_hvXy01_o32_optbw_10bins.png not found)
(file C:/Users/nicol/Dropbox/Research Projects/Intergenerational/figures/g2_hvXy01_o32_optbw_10bins.png written in PNG format)
(note: file C:/Users/nicol/Dropbox/Research Projects/Intergenerational/figures/g2_hvXy01_o32_optbw_20bins.png not found)
(file C:/Users/nicol/Dropbox/Research Projects/Intergenerational/figures/g2_hvXy01_o32_optbw_20bins.png written in PNG format)
(note: file C:/Users/nicol/Dropbox/Research Projects/Intergenerational/figures/g2_hvXy01_o32_optbw_optbins.png not found)
(file C:/Users/nicol/Dropbox/Research Projects/Intergenerational/figures/g2_hvXy01_o32_optbw_optbins.png written in PNG format)
(note: file C:/Users/nicol/Dropbox/Research Projects/Intergenerational/figures/g2_hvXy01_u32_optbw_10bins.png not found)
(file C:/Users/nicol/Dropbox/Research Projects/Intergenerational/figures/g2_hvXy01_u32_optbw_10bins.png written in PNG format)
(note: file C:/Users/nicol/Dropbox/Research Projects/Intergenerational/figures/g2_hvXy01_u32_optbw_20bins.png not found)
(file C:/Users/nicol/Dropbox/Research Projects/Intergenerational/figures/g2_hvXy01_u32_optbw_20bins.png written in PNG format)
(note: file C:/Users/nicol/Dropbox/Research Projects/Intergenerational/figures/g2_hvXy01_u32_optbw_optbins.png not found)
(file C:/Users/nicol/Dropbox/Research Projects/Intergenerational/figures/g2_hvXy01_u32_optbw_optbins.png written in PNG format)

. 
. ********************************************************************************
. * Export results as .ster files:
. 
. estimates dir

-------------------------------------------------------
        name | command      depvar       npar  title 
-------------+-----------------------------------------
g2_hvXy01_~w | rdrobust     hospvsts_~01    3  
g2_hvXy01_~s | rdrobust     hospvsts_~01    3  
g2_hvXy01_~w | rdrobust     hospvsts_~01    3  
g2_hvXy01_~s | rdrobust     hospvsts_~01    3  
-------------------------------------------------------

. foreach result in `r(names)' {
  2.         estimates restore `result'
  3.         estimates save "$estdir/`result'", replace
  4. }
(results g2_hvXy01_o32_optbw are active now)
(note: file C:/Users/nicol/Dropbox/Research Projects/Intergenerational/results/g2_hvXy01_o32_optbw.ster not found)
file C:/Users/nicol/Dropbox/Research Projects/Intergenerational/results/g2_hvXy01_o32_optbw.ster saved
(results g2_hvXy01_o32_optbw_heaps are active now)
(note: file C:/Users/nicol/Dropbox/Research Projects/Intergenerational/results/g2_hvXy01_o32_optbw_heaps.ster not found)
file C:/Users/nicol/Dropbox/Research Projects/Intergenerational/results/g2_hvXy01_o32_optbw_heaps.ster saved
(results g2_hvXy01_u32_optbw are active now)
(note: file C:/Users/nicol/Dropbox/Research Projects/Intergenerational/results/g2_hvXy01_u32_optbw.ster not found)
file C:/Users/nicol/Dropbox/Research Projects/Intergenerational/results/g2_hvXy01_u32_optbw.ster saved
(results g2_hvXy01_u32_optbw_heaps are active now)
(note: file C:/Users/nicol/Dropbox/Research Projects/Intergenerational/results/g2_hvXy01_u32_optbw_heaps.ster not found)
file C:/Users/nicol/Dropbox/Research Projects/Intergenerational/results/g2_hvXy01_u32_optbw_heaps.ster saved

. 
. ********************************************************************************
. * TABLES:
. 
. * ${abbrev}_o32_optbw: mother 32+ weeks, optimal bandwidth
. * ${abbrev}_u32_optbw: mother <32 weeks, optimal bandwidth
. * ${abbrev}_o32_optbw_heaps: mother 32+ weeks, optimal bandwidth, control for heaping
. * ${abbrev}_u32_optbw_heaps: mother <32 weeks, optimal bandwidth, control for heaping
. 
. local ests ${abbrev}_o32_optbw ${abbrev}_u32_optbw ${abbrev}_o32_optbw_heaps ${abbrev}_u32_optbw_heaps 

. 
. * Display results:
. esttab `ests', ///
>         cells(b(fmt(%-9.4f) star) se(fmt(%-9.4f) par([ ]) )) label ///
>         nonotes nogaps nonumber collabels(none) modelwidth(12) ///
>         stats(dvmean N Hopt effopt Nl Nr, fmt(%05.3f %12.0gc %5.1f %9.0gc %9.0gc %9.0gc) ///
>       label("Mean of Dep. Var." "Observations" "Optimal Bandwidth" ///
>             "Effective Observations" "Observations (left)" "Observations (right)")) ///
>         starlevel("*" 0.1 "**" 0.05 "***" 0.01) ///
>         mtitles("32+" "<32" "32+" "<32") ///
>         mgroups("No heaping" "Heaping", lhs("Birth Weight < 1500") pattern( 1 0 1 0))

------------------------------------------------------------------------------------
Birth Weight < 1500    No heaping                         Heaping                   
                              32+             <32             32+             <32   
------------------------------------------------------------------------------------
Conventional               0.1463          0.0806          0.1486          0.0388   
                         [0.0989]        [0.1187]        [0.0968]        [0.1179]   
Bias-corrected             0.1401          0.1073          0.1464          0.0567   
                         [0.0989]        [0.1187]        [0.0968]        [0.1179]   
Robust                     0.1401          0.1073          0.1464          0.0567   
                         [0.1178]        [0.1409]        [0.1146]        [0.1408]   
------------------------------------------------------------------------------------
Mean of Dep. Var.           0.369           0.391           0.369           0.391   
Observations              359,000           1,211         359,000           1,211   
Optimal Bandwidth           266.1           304.7           281.1           308.1   
Effective Observat~s        1,140             598           1,238             599   
Observations (left)           307             341             319             342   
Observations (right)          833             257             919             257   
------------------------------------------------------------------------------------

. 
. * Export results:
. #delimit ;
delimiter now ;
. esttab `ests' using "$tbldir/${abbrev}.tex",
> replace booktabs cells(b(fmt(%-9.4f) star) se(fmt(%-9.4f) par([ ]) )) label
> stats(dvmean N Hopt effopt Nl Nr, fmt(%05.3f %12.0gc %5.1f %9.0gc %9.0gc %9.0gc) 
>       label("\\ Mean of Dep. Var." "Observations" "Optimal Bandwidth" 
>             "Effective Observations" "Observations (left)" "Observations (right)"))
> nonotes nogaps mlabels(, none) nonumbers style(tex) fragment noline /*keep(RD_Estimate)*/
> collabels(none) starlevel("*" 0.1 "**" 0.05 "***" 0.01);
(note: file C:/Users/nicol/Dropbox/Research Projects/Intergenerational/textables/g2_hvXy01.tex not found)
(output written to C:/Users/nicol/Dropbox/Research Projects/Intergenerational/textables/g2_hvXy01.tex)

. #delimit cr
delimiter now cr
. 
. 
. log close _all
      name:  masterlog
       log:  C:/Users/nicol/Dropbox/Research Projects/Intergenerational/statalogs/nlillob_20210913_g2_hvXy01.log
  log type:  text
 closed on:  13 Sep 2021, 15:55:59
----------------------------------------------------------------------------------------------------------------------------------------------------------------------
