----------------------------------------------------------------------------------------------------------------------------------------------------------------------
      name:  masterlog
       log:  C:/Users/nicol/Dropbox/Research Projects/Intergenerational/statalogs/nlillob_20210910_g2m_peso.log
  log type:  text
 opened on:  10 Sep 2021, 17:49:31

. 
. * Set graph options:
. global gphoptns scheme(lean2) ///
>                                 ytitle("Son's birthweight in grams (2nd generation)") ///
>                                 xtitle("Mother's birthweight in grams (1st generation)") ///
>                                 legend(off) ylabel(2600(200)3700) xlabel(1300(100)1700)

. 
. ////////////////////////////////////////////////////////////////////////////////
> * Change to directory:
. cd "$dtadir/DEIS"
C:\Users\nicol\Dropbox\Research Projects\Intergenerational\data\dta\DEIS

. 
. * Load data:
. use "${lastworkdata}.dta", clear
(Working dataset 10 Sep 2021)

. 
. * Base sample for second generation:
. /* 
> -> children for whom we have mother's birth data:  NAC_mrg_mbdata2main == 3
> -> children of mothers who were between 15 and 45 years old at time of birth: 
>                 NAC_EDAD_MADRE >= 15 & NAC_EDAD_MADRE <= 45
> -> children born from 2007 onwards (only 12 births between 2001-2006 given above
>  constraints): NAC_ANO_NAC >= 2007
> -> children born as boys: NAC_SEXO == 1
> */
. gen g2msmpl = NAC_mrg_mbdata2main == 3 ///
>         & NAC_EDAD_MADRE >= 15 & NAC_EDAD_MADRE <= 45 ///
>         & NAC_ANO_NAC >= 2007 & NAC_SEXO == 1

. 
. * Show birth years for cohorts in sample:
. tab NAC_ANO_NAC g2msmpl

 Año de la |
  fecha de |        g2msmpl
nacimiento |         0          1 |     Total
-----------+----------------------+----------
      1992 |   278,981          0 |   278,981 
      1993 |   275,773          0 |   275,773 
      1994 |   273,757          0 |   273,757 
      1995 |   265,901          0 |   265,901 
      1996 |   264,777          0 |   264,777 
      1997 |   259,975          0 |   259,975 
      1998 |   257,103          0 |   257,103 
      1999 |   250,407          0 |   250,407 
      2000 |   248,869          0 |   248,869 
      2001 |   215,709          0 |   215,709 
      2002 |   212,096          0 |   212,096 
      2003 |   230,470          0 |   230,470 
      2004 |   230,348          0 |   230,348 
      2005 |   230,827          0 |   230,827 
      2006 |   231,378          0 |   231,378 
      2007 |   240,011        556 |   240,567 
      2008 |   244,004      2,561 |   246,565 
      2009 |   246,505      5,713 |   252,218 
      2010 |   241,287      9,344 |   250,631 
      2011 |   233,144     14,203 |   247,347 
      2012 |   225,139     18,485 |   243,624 
      2013 |   219,660     22,338 |   241,998 
      2014 |   224,521     26,474 |   250,995 
      2015 |   216,362     28,304 |   244,666 
      2016 |   203,103     28,640 |   231,743 
      2017 |   189,791     29,392 |   219,183 
      2018 |   190,829     30,901 |   221,730 
-----------+----------------------+----------
     Total | 6,400,727    216,911 | 6,617,638 

. 
. * Show birth years for the MOTHERS in the sample:
. tab NAC_ANO_NAC_MADRE g2msmpl if birth_order_by_mother_u == 1

    Madre: |
 Año de la |
  fecha de |        g2msmpl
nacimiento |         0          1 |     Total
-----------+----------------------+----------
      1992 |    32,631     32,979 |    65,610 
      1993 |    29,210     30,146 |    59,356 
      1994 |    26,816     26,710 |    53,526 
      1995 |    22,517     22,591 |    45,108 
      1996 |    18,838     18,738 |    37,576 
      1997 |    14,841     14,465 |    29,306 
      1998 |    11,009     10,420 |    21,429 
      1999 |     7,274      6,428 |    13,702 
      2000 |     4,299      3,703 |     8,002 
      2001 |     2,170      1,746 |     3,916 
      2002 |     1,171        709 |     1,880 
      2003 |       498        166 |       664 
      2004 |       230          0 |       230 
      2005 |        33          0 |        33 
      2006 |         3          0 |         3 
-----------+----------------------+----------
     Total |   171,540    168,801 |   340,341 

. 
. * Summarize dependent variable by birth year, restricted to sample:
. tabstat $mydepvar if g2msmpl == 1, by(NAC_ANO_NAC) s(N mean min max)

Summary for variables: NAC_PESO
     by categories of: NAC_ANO_NAC (Año de la fecha de nacimiento)

NAC_ANO~C |         N      mean       min       max
----------+----------------------------------------
     2007 |       556  3292.754       625      4500
     2008 |      2558  3281.297       395      4864
     2009 |      5705  3277.811       298      4855
     2010 |      9339  3293.705       260      4640
     2011 |     14190  3301.698       220      4769
     2012 |     18475  3313.453       280      4660
     2013 |     22318  3314.637       240      4769
     2014 |     26440  3328.068       200      6375
     2015 |     28283  3324.544       200      5520
     2016 |     28600  3322.089       210      5230
     2017 |     29356  3321.234       240      4935
     2018 |     30883   3323.42       200      5570
----------+----------------------------------------
    Total |    216703  3317.428       200      6375
---------------------------------------------------

. 
. * Drop unused observations to speed things up:
. keep if g2msmpl == 1
(6,400,727 observations deleted)

. compress
  variable DEF_EDAD_CANT was int now byte
  variable EEHH_nvsts_y02 was int now byte
  variable EEHH_nvsts_y03 was int now byte
  variable EEHH_nvsts_y06 was int now byte
  variable EEHH_nvsts_y07 was int now byte
  variable EEHH_nvsts_y09 was int now byte
  variable EEHH_nvsts_y11 was int now byte
  variable EEHH_nvsts_y12 was int now byte
  variable EEHH_nvsts_y15 was int now byte
  variable EEHH_nvsts_y16 was int now byte
  variable EEHH_nvsts_y17 was int now byte
  variable EEHH_days_y10 was int now byte
  variable EEHH_days_y11 was int now byte
  variable EEHH_days_y12 was int now byte
  variable EEHH_days_y13 was int now byte
  variable EEHH_days_y14 was int now byte
  variable EEHH_days_y15 was int now byte
  variable EEHH_days_y16 was int now byte
  variable EEHH_days_y17 was int now byte
  variable EEHH_days_y18 was int now byte
  variable EEHH_days_y19 was int now byte
  variable EEHH_days_y20 was int now byte
  variable EEHH_days_y21 was int now byte
  variable EEHH_days_y22 was int now byte
  variable EEHH_days_y23 was int now byte
  variable EEHH_days_y24 was int now byte
  variable EEHH_days_y25 was int now byte
  variable EEHH_days_y26 was int now byte
  variable EEHH_days_y27 was int now byte
  variable EEHH_days_s00 was int now byte
  variable EEHH_days_y10_priv was int now byte
  variable EEHH_days_y11_priv was int now byte
  variable EEHH_days_y12_priv was int now byte
  variable EEHH_days_y13_priv was int now byte
  variable EEHH_days_y14_priv was int now byte
  variable EEHH_days_y15_priv was int now byte
  variable EEHH_days_y16_priv was int now byte
  variable EEHH_days_y17_priv was int now byte
  variable EEHH_days_y18_priv was int now byte
  variable EEHH_days_y19_priv was int now byte
  variable EEHH_days_y20_priv was int now byte
  variable EEHH_days_y21_priv was int now byte
  variable EEHH_days_y22_priv was int now byte
  variable EEHH_days_y23_priv was int now byte
  variable EEHH_days_y24_priv was int now byte
  variable EEHH_days_y25_priv was int now byte
  variable EEHH_days_y26_priv was int now byte
  variable EEHH_days_s00_priv was int now byte
  variable EEHH_nvsts_y11_priv was int now byte
  variable EEHH_nvsts_y15_priv was int now byte
  variable EEHH_nvsts_y16_priv was int now byte
  variable EEHH_nvsts_y17_priv was int now byte
  variable EEHH_days_y10_publ was int now byte
  variable EEHH_days_y11_publ was int now byte
  variable EEHH_days_y12_publ was int now byte
  variable EEHH_days_y13_publ was int now byte
  variable EEHH_days_y14_publ was int now byte
  variable EEHH_days_y15_publ was int now byte
  variable EEHH_days_y16_publ was int now byte
  variable EEHH_days_y17_publ was int now byte
  variable EEHH_days_y18_publ was int now byte
  variable EEHH_days_y19_publ was int now byte
  variable EEHH_days_y20_publ was int now byte
  variable EEHH_days_y21_publ was int now byte
  variable EEHH_days_y22_publ was int now byte
  variable EEHH_days_y23_publ was int now byte
  variable EEHH_days_y24_publ was int now byte
  variable EEHH_days_y25_publ was int now byte
  variable EEHH_days_y26_publ was int now byte
  variable EEHH_days_y27_publ was int now byte
  variable EEHH_days_s00_publ was int now byte
  variable EEHH_nvsts_y02_publ was int now byte
  variable EEHH_nvsts_y03_publ was int now byte
  variable EEHH_nvsts_y06_publ was int now byte
  variable EEHH_nvsts_y07_publ was int now byte
  variable EEHH_nvsts_y09_publ was int now byte
  variable EEHH_nvsts_y11_publ was int now byte
  variable EEHH_nvsts_y12_publ was int now byte
  variable EEHH_nvsts_y15_publ was int now byte
  variable EEHH_nvsts_y16_publ was int now byte
  variable hospvsts_by_02 was int now byte
  variable hospvsts_by_07 was int now byte
  variable hospvsts_by_09 was int now byte
  variable hospvsts_by_10 was int now byte
  variable hospvsts_by_11 was int now byte
  variable hospdays_by_12 was int now byte
  variable hospvsts_by_12 was int now byte
  variable hospdays2_by_12 was int now byte
  variable hospdays_by_13 was int now byte
  variable hospvsts_by_13 was int now byte
  variable hospdays2_by_13 was int now byte
  variable hospdays_by_14 was int now byte
  variable hospvsts_by_14 was int now byte
  variable hospdays2_by_14 was int now byte
  variable hospdays_by_15 was int now byte
  variable hospvsts_by_15 was int now byte
  variable hospdays2_by_15 was int now byte
  variable hospdays_by_16 was int now byte
  variable hospvsts_by_16 was int now byte
  variable hospdays2_by_16 was int now byte
  variable hospdays_by_17 was int now byte
  variable hospvsts_by_17 was int now byte
  variable hospdays2_by_17 was int now byte
  variable hospdays_by_18 was int now byte
  variable hospvsts_by_18 was int now byte
  variable hospdays2_by_18 was int now byte
  variable hospdays_by_19 was int now byte
  variable hospvsts_by_19 was int now byte
  variable hospdays2_by_19 was int now byte
  variable hospdays_by_20 was int now byte
  variable hospvsts_by_20 was int now byte
  variable hospdays2_by_20 was int now byte
  variable hospdays_by_21 was int now byte
  variable hospvsts_by_21 was int now byte
  variable hospdays2_by_21 was int now byte
  variable hospdays_by_22 was int now byte
  variable hospvsts_by_22 was int now byte
  variable hospdays2_by_22 was int now byte
  variable hospdays_by_23 was int now byte
  variable hospvsts_by_23 was int now byte
  variable hospdays2_by_23 was int now byte
  variable hospdays_by_24 was int now byte
  variable hospvsts_by_24 was int now byte
  variable hospdays2_by_24 was int now byte
  variable hospdays_by_25 was int now byte
  variable hospvsts_by_25 was int now byte
  variable hospdays2_by_25 was int now byte
  variable hospdays_by_26 was int now byte
  variable hospvsts_by_26 was int now byte
  variable hospdays2_by_26 was int now byte
  variable hospdays_by_27 was int now byte
  variable hospdays2_by_27 was int now byte
  variable g2msmpl was float now byte
  variable NAC_PAIS_ORIGEN_MADRE was str41 now str40
  variable DEF_GLOSA_OCUPACION was str68 now str27
  variable DEF_CODIGO_TERMINO_DIAGNOSTICO_1 was str19 now str16
  variable DEF_CODIGO_TERMINO_DIAGNOSTICO_2 was str19 now str16
  variable DEF_CODIGO_TERMINO_DIAGNOSTICO_3 was str15 now str14
  variable DEF_CODIGO_TERMINO_DIAGNOSTICO_4 was str29 now str24
  (40,996,179 bytes saved)

. 
. ////////////////////////////////////////////////////////////////////////////////
> **** RDPLOT GRAPHS ****
. 
. ********************************************************************************
. * Over 32 weeks gestation (of the mother):
. rdbwselect $mydepvar NAC_PESO_MADRE if g2msmpl == 1 & sem32m == 1, c(1500)
Mass points detected in the running variable.

Bandwidth estimators for sharp RD local polynomial regression.

       Cutoff c =  | Left of c  Right of c            Number of obs =     215069
-------------------+----------------------            Kernel        = Triangular
     Number of obs |       256      214813            VCE method    =         NN
Min of NAC_PESO_MADRE |   240.000 1500.000
Max of NAC_PESO_MADRE |  1495.000 6480.000
    Order est. (p) |         1           1
    Order bias (q) |         2           2
        Unique obs |        86        1148

Outcome: NAC_PESO. Running variable: NAC_PESO_MADRE.
--------------------------------------------------------------------------------
                   |         BW est. (h)          |        BW bias (b)
            Method | Left of c         Right of c | Left of c        Right of c
-------------------+------------------------------+-----------------------------
             mserd |   202.167            202.167 |   394.829           394.829
--------------------------------------------------------------------------------
Estimates adjusted for mass points in the running variable.

. scalar RBW_o32 = e(h_mserd)

. scalar LBW_o32 = e(h_mserd)

. scalar maxwt_o32 = 1500 + RBW_o32

. scalar minwt_o32 = 1500 - LBW_o32

. gen optbw_o32 = NAC_PESO_MADRE >= minwt_o32 & NAC_PESO_MADRE <= maxwt_o32

. 
. rdplot $mydepvar NAC_PESO_MADRE ///
>         if optbw_o32 == 1 & g2msmpl == 1 & sem32m == 1, ///
>         c(1500) nbins(10) p(2) ///
>         graph_options(${gphoptns} name(${abbrev}_o32_optbw_10bins, replace))
Mass points detected in the running variable.

RD Plot with RD plot with manually set number of bins.

      Cutoff c = 1500 | Left of c  Right of c        Number of obs  =        505
----------------------+----------------------        Kernel         =    Uniform
        Number of obs |       159         346
   Eff. Number of obs |       159         346
  Order poly. fit (p) |         2           2
     BW poly. fit (h) |   200.000     200.000
 Number of bins scale |     1.000       1.000

Outcome: NAC_PESO. Running variable: NAC_PESO_MADRE.
---------------------------------------------
                      | Left of c  Right of c
----------------------+----------------------
        Bins selected |        10          10
   Average bin length |    20.000      20.000
    Median bin length |    20.000      20.000
----------------------+----------------------
    IMSE-optimal bins |        10           4
  Mimicking Var. bins |        18          15
----------------------+----------------------
Rel. to IMSE-optimal: | 
        Implied scale |     1.000       2.500
    WIMSE var. weight |     0.500       0.060
    WIMSE bias weight |     0.500       0.940
---------------------------------------------


.                                         
. rdplot $mydepvar NAC_PESO_MADRE ///
>         if optbw_o32 == 1 & g2msmpl == 1 & sem32m == 1, ///
>         c(1500) nbins(20) p(2) ///
>         graph_options(${gphoptns} name(${abbrev}_o32_optbw_20bins, replace))
Mass points detected in the running variable.

RD Plot with RD plot with manually set number of bins.

      Cutoff c = 1500 | Left of c  Right of c        Number of obs  =        505
----------------------+----------------------        Kernel         =    Uniform
        Number of obs |       159         346
   Eff. Number of obs |       159         346
  Order poly. fit (p) |         2           2
     BW poly. fit (h) |   200.000     200.000
 Number of bins scale |     1.000       1.000

Outcome: NAC_PESO. Running variable: NAC_PESO_MADRE.
---------------------------------------------
                      | Left of c  Right of c
----------------------+----------------------
        Bins selected |        20          20
   Average bin length |    10.000      10.000
    Median bin length |    10.000      10.000
----------------------+----------------------
    IMSE-optimal bins |        10           4
  Mimicking Var. bins |        18          15
----------------------+----------------------
Rel. to IMSE-optimal: | 
        Implied scale |     2.000       5.000
    WIMSE var. weight |     0.111       0.008
    WIMSE bias weight |     0.889       0.992
---------------------------------------------


.                                         
. rdplot $mydepvar NAC_PESO_MADRE ///
>         if optbw_o32 == 1 & g2msmpl == 1 & sem32m == 1, ///
>         c(1500) p(2) ///
>         graph_options(${gphoptns} name(${abbrev}_o32_optbw_optbins, replace))
Mass points detected in the running variable.

RD Plot with evenly spaced mimicking variance number of bins using polynomial regression.

      Cutoff c = 1500 | Left of c  Right of c        Number of obs  =        505
----------------------+----------------------        Kernel         =    Uniform
        Number of obs |       159         346
   Eff. Number of obs |       159         346
  Order poly. fit (p) |         2           2
     BW poly. fit (h) |   200.000     200.000
 Number of bins scale |     1.000       1.000

Outcome: NAC_PESO. Running variable: NAC_PESO_MADRE.
---------------------------------------------
                      | Left of c  Right of c
----------------------+----------------------
        Bins selected |        18          15
   Average bin length |    11.111      13.333
    Median bin length |    11.111      13.333
----------------------+----------------------
    IMSE-optimal bins |        10           4
  Mimicking Var. bins |        18          15
----------------------+----------------------
Rel. to IMSE-optimal: | 
        Implied scale |     1.800       3.750
    WIMSE var. weight |     0.146       0.019
    WIMSE bias weight |     0.854       0.981
---------------------------------------------


. 
. ********************************************************************************
. * Under 32 weeks gestation (of the mother):
. /* (Note: so few observations that all bin selection procedures yield the same 
> quantity of bins */
. rdbwselect $mydepvar NAC_PESO_MADRE if g2msmpl == 1 & sem32m == 0, c(1500)
Mass points detected in the running variable.

Bandwidth estimators for sharp RD local polynomial regression.

       Cutoff c =  | Left of c  Right of c            Number of obs =        736
-------------------+----------------------            Kernel        = Triangular
     Number of obs |       407         329            VCE method    =         NN
Min of NAC_PESO_MADRE |   600.000 1500.000
Max of NAC_PESO_MADRE |  1490.000 4710.000
    Order est. (p) |         1           1
    Order bias (q) |         2           2
        Unique obs |       109         131

Outcome: NAC_PESO. Running variable: NAC_PESO_MADRE.
--------------------------------------------------------------------------------
                   |         BW est. (h)          |        BW bias (b)
            Method | Left of c         Right of c | Left of c        Right of c
-------------------+------------------------------+-----------------------------
             mserd |   232.962            232.962 |   377.767           377.767
--------------------------------------------------------------------------------
Estimates adjusted for mass points in the running variable.

. scalar RBW_u32 = e(h_mserd)

. scalar LBW_u32 = e(h_mserd)

. scalar maxwt_u32 = 1500 + RBW_o32

. scalar minwt_u32 = 1500 - LBW_o32

. gen optbw_u32 = NAC_PESO_MADRE >= minwt_u32 & NAC_PESO_MADRE <= maxwt_u32

.                                 
. rdplot $mydepvar NAC_PESO_MADRE ///
>         if optbw_u32 == 1 & g2msmpl == 1 & sem32m == 0, ///
>         c(1500) nbins(10) p(2) ///
>         graph_options(${gphoptns} name(${abbrev}_u32_optbw_10bins, replace))
Mass points detected in the running variable.

RD Plot with RD plot with manually set number of bins.

      Cutoff c = 1500 | Left of c  Right of c        Number of obs  =        263
----------------------+----------------------        Kernel         =    Uniform
        Number of obs |       141         122
   Eff. Number of obs |       141         122
  Order poly. fit (p) |         2           2
     BW poly. fit (h) |   200.000     200.000
 Number of bins scale |     1.000       1.000

Outcome: NAC_PESO. Running variable: NAC_PESO_MADRE.
---------------------------------------------
                      | Left of c  Right of c
----------------------+----------------------
        Bins selected |        10          10
   Average bin length |    20.000      20.000
    Median bin length |    20.000      20.000
----------------------+----------------------
    IMSE-optimal bins |         6           3
  Mimicking Var. bins |         9          11
----------------------+----------------------
Rel. to IMSE-optimal: | 
        Implied scale |     1.667       3.333
    WIMSE var. weight |     0.178       0.026
    WIMSE bias weight |     0.822       0.974
---------------------------------------------


.                                         
. rdplot $mydepvar NAC_PESO_MADRE ///
>         if optbw_u32 == 1 & g2msmpl == 1 & sem32m == 0, ///
>         c(1500) nbins(20) p(2) ///
>         graph_options(${gphoptns} name(${abbrev}_u32_optbw_20bins, replace))
Mass points detected in the running variable.

RD Plot with RD plot with manually set number of bins.

      Cutoff c = 1500 | Left of c  Right of c        Number of obs  =        263
----------------------+----------------------        Kernel         =    Uniform
        Number of obs |       141         122
   Eff. Number of obs |       141         122
  Order poly. fit (p) |         2           2
     BW poly. fit (h) |   200.000     200.000
 Number of bins scale |     1.000       1.000

Outcome: NAC_PESO. Running variable: NAC_PESO_MADRE.
---------------------------------------------
                      | Left of c  Right of c
----------------------+----------------------
        Bins selected |        20          20
   Average bin length |    10.000      10.000
    Median bin length |    10.000      10.000
----------------------+----------------------
    IMSE-optimal bins |         6           3
  Mimicking Var. bins |         9          11
----------------------+----------------------
Rel. to IMSE-optimal: | 
        Implied scale |     3.333       6.667
    WIMSE var. weight |     0.026       0.003
    WIMSE bias weight |     0.974       0.997
---------------------------------------------


.                                         
. rdplot $mydepvar NAC_PESO_MADRE ///
>         if optbw_u32 == 1 & g2msmpl == 1 & sem32m == 0, ///
>         c(1500) p(2) ///
>         graph_options(${gphoptns} name(${abbrev}_u32_optbw_optbins, replace))
Mass points detected in the running variable.

RD Plot with evenly spaced mimicking variance number of bins using polynomial regression.

      Cutoff c = 1500 | Left of c  Right of c        Number of obs  =        263
----------------------+----------------------        Kernel         =    Uniform
        Number of obs |       141         122
   Eff. Number of obs |       141         122
  Order poly. fit (p) |         2           2
     BW poly. fit (h) |   200.000     200.000
 Number of bins scale |     1.000       1.000

Outcome: NAC_PESO. Running variable: NAC_PESO_MADRE.
---------------------------------------------
                      | Left of c  Right of c
----------------------+----------------------
        Bins selected |         9          11
   Average bin length |    22.222      18.182
    Median bin length |    22.222      18.182
----------------------+----------------------
    IMSE-optimal bins |         6           3
  Mimicking Var. bins |         9          11
----------------------+----------------------
Rel. to IMSE-optimal: | 
        Implied scale |     1.500       3.667
    WIMSE var. weight |     0.229       0.020
    WIMSE bias weight |     0.771       0.980
---------------------------------------------


. 
. ////////////////////////////////////////////////////////////////////////////////
> 
. * REGRESSIONS:
. ********************************************************************************
. * Over 32 weeks gestation (of the mother):
. * No controls:
. rdrobust $mydepvar NAC_PESO_MADRE if g2msmpl == 1 & sem32m==1, c(1500) scalepar(-1) all
Mass points detected in the running variable.

Sharp RD estimates using local polynomial regression.

   Cutoff c = 1500 | Left of c  Right of c            Number of obs =     215069
-------------------+----------------------            BW type       =      mserd
     Number of obs |       256      214813            Kernel        = Triangular
Eff. Number of obs |       159         346            VCE method    =         NN
    Order est. (p) |         1           1
    Order bias (q) |         2           2
       BW est. (h) |   202.167     202.167
       BW bias (b) |   394.829     394.829
         rho (h/b) |     0.512       0.512
        Unique obs |        86        1148

Outcome: NAC_PESO. Running variable: NAC_PESO_MADRE.
--------------------------------------------------------------------------------
            Method |   Coef.    Std. Err.    z     P>|z|    [95% Conf. Interval]
-------------------+------------------------------------------------------------
      Conventional |  63.659     104.27   0.6105   0.542   -140.702      268.021
    Bias-corrected |  105.72     104.27   1.0140   0.311   -98.6388      310.084
            Robust |  105.72      121.5   0.8701   0.384   -132.418      343.863
--------------------------------------------------------------------------------
Scale parameter: -1
Estimates adjusted for mass points in the running variable.

. est store ${abbrev}_o32_optbw

. estadd scalar Hopt = e(h_l)

added scalar:
               e(Hopt) =  202.16725

. estadd scalar Nl   = e(N_h_l)

added scalar:
                 e(Nl) =  159

. estadd scalar Nr   = e(N_h_r)

added scalar:
                 e(Nr) =  346

. local ef = e(N_h_l)+e(N_h_r)

. estadd scalar effopt = `ef'

added scalar:
             e(effopt) =  505

. sum $mydepvar if optbw_o32 == 1 & g2msmpl == 1 & sem32m == 1

    Variable |        Obs        Mean    Std. Dev.       Min        Max
-------------+---------------------------------------------------------
    NAC_PESO |        505    3149.228    560.1878        500       4480

. estadd scalar dvmean = r(mean)

added scalar:
             e(dvmean) =  3149.2277

. 
. * Heaping control:
. rdrobust $mydepvar NAC_PESO_MADRE if g2msmpl == 1 & sem32m == 1, c(1500) scalepar(-1) covs(round100m) all
Mass points detected in the running variable.

Covariate-adjusted sharp RD estimates using local polynomial regression.

   Cutoff c = 1500 | Left of c  Right of c            Number of obs =     215069
-------------------+----------------------            BW type       =      mserd
     Number of obs |       256      214813            Kernel        = Triangular
Eff. Number of obs |       201        1018            VCE method    =         NN
    Order est. (p) |         1           1
    Order bias (q) |         2           2
       BW est. (h) |   409.522     409.522
       BW bias (b) |   730.704     730.704
         rho (h/b) |     0.560       0.560
        Unique obs |        86        1148

Outcome: NAC_PESO. Running variable: NAC_PESO_MADRE.
--------------------------------------------------------------------------------
            Method |   Coef.    Std. Err.    z     P>|z|    [95% Conf. Interval]
-------------------+------------------------------------------------------------
      Conventional | -78.132     80.036   -0.9762  0.329   -234.999      78.7349
    Bias-corrected | -62.953     80.036   -0.7866  0.432    -219.82      93.9139
            Robust | -62.953     91.269   -0.6898  0.490   -241.838      115.931
--------------------------------------------------------------------------------
Covariate-adjusted estimates. Additional covariates included: 1
Scale parameter: -1
Estimates adjusted for mass points in the running variable.

. est store ${abbrev}_o32_optbw_heaps

. estadd scalar Hopt = e(h_l)

added scalar:
               e(Hopt) =  409.52237

. estadd scalar Nl   = e(N_h_l)

added scalar:
                 e(Nl) =  201

. estadd scalar Nr   = e(N_h_r)

added scalar:
                 e(Nr) =  1018

. local ef = e(N_h_l)+e(N_h_r)

. estadd scalar effopt = `ef'

added scalar:
             e(effopt) =  1219

. sum $mydepvar if optbw_o32 == 1 & g2msmpl == 1 & sem32m == 1

    Variable |        Obs        Mean    Std. Dev.       Min        Max
-------------+---------------------------------------------------------
    NAC_PESO |        505    3149.228    560.1878        500       4480

. estadd scalar dvmean = r(mean)

added scalar:
             e(dvmean) =  3149.2277

. 
. ********************************************************************************
. * Under 32 weeks gestation (of the mother):
. * No controls:
. rdrobust $mydepvar NAC_PESO_MADRE if g2msmpl == 1 & sem32m == 0, c(1500) scalepar(-1) all
Mass points detected in the running variable.

Sharp RD estimates using local polynomial regression.

   Cutoff c = 1500 | Left of c  Right of c            Number of obs =        736
-------------------+----------------------            BW type       =      mserd
     Number of obs |       407         329            Kernel        = Triangular
Eff. Number of obs |       157         131            VCE method    =         NN
    Order est. (p) |         1           1
    Order bias (q) |         2           2
       BW est. (h) |   232.962     232.962
       BW bias (b) |   377.767     377.767
         rho (h/b) |     0.617       0.617
        Unique obs |       109         131

Outcome: NAC_PESO. Running variable: NAC_PESO_MADRE.
--------------------------------------------------------------------------------
            Method |   Coef.    Std. Err.    z     P>|z|    [95% Conf. Interval]
-------------------+------------------------------------------------------------
      Conventional | -79.215     143.14   -0.5534  0.580   -359.758      201.327
    Bias-corrected | -116.31     143.14   -0.8126  0.416   -396.854      164.231
            Robust | -116.31     173.58   -0.6701  0.503   -456.528      223.905
--------------------------------------------------------------------------------
Scale parameter: -1
Estimates adjusted for mass points in the running variable.

. est store ${abbrev}_u32_optbw

. estadd scalar Hopt = e(h_l)

added scalar:
               e(Hopt) =  232.96235

. estadd scalar Nl   = e(N_h_l)

added scalar:
                 e(Nl) =  157

. estadd scalar Nr   = e(N_h_r)

added scalar:
                 e(Nr) =  131

. local ef = e(N_h_l)+e(N_h_r)

. estadd scalar effopt = `ef'

added scalar:
             e(effopt) =  288

. sum $mydepvar if optbw_u32 == 1 & g2msmpl == 1 & sem32m == 0

    Variable |        Obs        Mean    Std. Dev.       Min        Max
-------------+---------------------------------------------------------
    NAC_PESO |        263     3308.16    589.6545        490       4875

. estadd scalar dvmean = r(mean)

added scalar:
             e(dvmean) =  3308.1597

. 
. * Heaping control:
. rdrobust $mydepvar NAC_PESO_MADRE if g2msmpl == 1 & sem32m == 0, c(1500) scalepar(-1) covs(round100m) all
Mass points detected in the running variable.

Covariate-adjusted sharp RD estimates using local polynomial regression.

   Cutoff c = 1500 | Left of c  Right of c            Number of obs =        736
-------------------+----------------------            BW type       =      mserd
     Number of obs |       407         329            Kernel        = Triangular
Eff. Number of obs |       157         132            VCE method    =         NN
    Order est. (p) |         1           1
    Order bias (q) |         2           2
       BW est. (h) |   236.698     236.698
       BW bias (b) |   379.992     379.992
         rho (h/b) |     0.623       0.623
        Unique obs |       109         131

Outcome: NAC_PESO. Running variable: NAC_PESO_MADRE.
--------------------------------------------------------------------------------
            Method |   Coef.    Std. Err.    z     P>|z|    [95% Conf. Interval]
-------------------+------------------------------------------------------------
      Conventional | -53.187     141.71   -0.3753  0.707   -330.928      224.554
    Bias-corrected | -86.132     141.71   -0.6078  0.543   -363.873      191.609
            Robust | -86.132     172.43   -0.4995  0.617   -424.089      251.826
--------------------------------------------------------------------------------
Covariate-adjusted estimates. Additional covariates included: 1
Scale parameter: -1
Estimates adjusted for mass points in the running variable.

. est store ${abbrev}_u32_optbw_heaps

. estadd scalar Hopt = e(h_l)

added scalar:
               e(Hopt) =  236.69757

. estadd scalar Nl   = e(N_h_l)

added scalar:
                 e(Nl) =  157

. estadd scalar Nr   = e(N_h_r)

added scalar:
                 e(Nr) =  132

. local ef = e(N_h_l) + e(N_h_r)

. estadd scalar effopt = `ef'

added scalar:
             e(effopt) =  289

. sum $mydepvar if optbw_u32 == 1 & g2msmpl == 1 & sem32m == 0

    Variable |        Obs        Mean    Std. Dev.       Min        Max
-------------+---------------------------------------------------------
    NAC_PESO |        263     3308.16    589.6545        490       4875

. estadd scalar dvmean = r(mean)

added scalar:
             e(dvmean) =  3308.1597

. 
. gen RD_Estimate = .
(216,911 missing values generated)

. lab var RD_Estimate "Birth weight < 1,500"

. 
. ////////////////////////////////////////////////////////////////////////////////
> * OUTPUTS:
. 
. ********************************************************************************
. * Export graphs as .gph:
. graph dir
    g2m_peso_o32_optbw_10bins   g2m_peso_o32_optbw_optbins  g2m_peso_u32_optbw_20bins
    g2m_peso_o32_optbw_20bins   g2m_peso_u32_optbw_10bins   g2m_peso_u32_optbw_optbins

. foreach g in `r(list)' {
  2.         graph save `g' "$figsdir/`g'.gph", replace
  3. }
(file C:/Users/nicol/Dropbox/Research Projects/Intergenerational/figures/g2m_peso_o32_optbw_10bins.gph saved)
(file C:/Users/nicol/Dropbox/Research Projects/Intergenerational/figures/g2m_peso_o32_optbw_20bins.gph saved)
(file C:/Users/nicol/Dropbox/Research Projects/Intergenerational/figures/g2m_peso_o32_optbw_optbins.gph saved)
(file C:/Users/nicol/Dropbox/Research Projects/Intergenerational/figures/g2m_peso_u32_optbw_10bins.gph saved)
(file C:/Users/nicol/Dropbox/Research Projects/Intergenerational/figures/g2m_peso_u32_optbw_20bins.gph saved)
(file C:/Users/nicol/Dropbox/Research Projects/Intergenerational/figures/g2m_peso_u32_optbw_optbins.gph saved)

. 
. * Export graphs as .eps:
. graph dir
    g2m_peso_o32_optbw_10bins   g2m_peso_o32_optbw_optbins  g2m_peso_u32_optbw_20bins
    g2m_peso_o32_optbw_20bins   g2m_peso_u32_optbw_10bins   g2m_peso_u32_optbw_optbins

. foreach g in `r(list)' {
  2.         graph export "$figsdir/`g'.eps", replace name(`g')
  3. }
(file C:/Users/nicol/Dropbox/Research Projects/Intergenerational/figures/g2m_peso_o32_optbw_10bins.eps written in EPS format)
(file C:/Users/nicol/Dropbox/Research Projects/Intergenerational/figures/g2m_peso_o32_optbw_20bins.eps written in EPS format)
(file C:/Users/nicol/Dropbox/Research Projects/Intergenerational/figures/g2m_peso_o32_optbw_optbins.eps written in EPS format)
(file C:/Users/nicol/Dropbox/Research Projects/Intergenerational/figures/g2m_peso_u32_optbw_10bins.eps written in EPS format)
(file C:/Users/nicol/Dropbox/Research Projects/Intergenerational/figures/g2m_peso_u32_optbw_20bins.eps written in EPS format)
(file C:/Users/nicol/Dropbox/Research Projects/Intergenerational/figures/g2m_peso_u32_optbw_optbins.eps written in EPS format)

. 
. * Export graphs as .png:
. graph dir
    g2m_peso_o32_optbw_10bins   g2m_peso_o32_optbw_optbins  g2m_peso_u32_optbw_20bins
    g2m_peso_o32_optbw_20bins   g2m_peso_u32_optbw_10bins   g2m_peso_u32_optbw_optbins

. foreach g in `r(list)' {
  2.         graph export "$figsdir/`g'.png", replace name(`g')
  3. }
(file C:/Users/nicol/Dropbox/Research Projects/Intergenerational/figures/g2m_peso_o32_optbw_10bins.png written in PNG format)
(file C:/Users/nicol/Dropbox/Research Projects/Intergenerational/figures/g2m_peso_o32_optbw_20bins.png written in PNG format)
(file C:/Users/nicol/Dropbox/Research Projects/Intergenerational/figures/g2m_peso_o32_optbw_optbins.png written in PNG format)
(file C:/Users/nicol/Dropbox/Research Projects/Intergenerational/figures/g2m_peso_u32_optbw_10bins.png written in PNG format)
(file C:/Users/nicol/Dropbox/Research Projects/Intergenerational/figures/g2m_peso_u32_optbw_20bins.png written in PNG format)
(file C:/Users/nicol/Dropbox/Research Projects/Intergenerational/figures/g2m_peso_u32_optbw_optbins.png written in PNG format)

. 
. ********************************************************************************
. * Export results as .ster files:
. 
. estimates dir

-------------------------------------------------------
        name | command      depvar       npar  title 
-------------+-----------------------------------------
g2m_peso_o~w | rdrobust     NAC_PESO        3  
g2m_peso_o~s | rdrobust     NAC_PESO        3  
g2m_peso_u~w | rdrobust     NAC_PESO        3  
g2m_peso_u~s | rdrobust     NAC_PESO        3  
-------------------------------------------------------

. foreach result in `r(names)' {
  2.         estimates restore `result'
  3.         estimates save "$estdir/`result'", replace
  4. }
(results g2m_peso_o32_optbw are active now)
(note: file C:/Users/nicol/Dropbox/Research Projects/Intergenerational/results/g2m_peso_o32_optbw.ster not found)
file C:/Users/nicol/Dropbox/Research Projects/Intergenerational/results/g2m_peso_o32_optbw.ster saved
(results g2m_peso_o32_optbw_heaps are active now)
(note: file C:/Users/nicol/Dropbox/Research Projects/Intergenerational/results/g2m_peso_o32_optbw_heaps.ster not found)
file C:/Users/nicol/Dropbox/Research Projects/Intergenerational/results/g2m_peso_o32_optbw_heaps.ster saved
(results g2m_peso_u32_optbw are active now)
(note: file C:/Users/nicol/Dropbox/Research Projects/Intergenerational/results/g2m_peso_u32_optbw.ster not found)
file C:/Users/nicol/Dropbox/Research Projects/Intergenerational/results/g2m_peso_u32_optbw.ster saved
(results g2m_peso_u32_optbw_heaps are active now)
(note: file C:/Users/nicol/Dropbox/Research Projects/Intergenerational/results/g2m_peso_u32_optbw_heaps.ster not found)
file C:/Users/nicol/Dropbox/Research Projects/Intergenerational/results/g2m_peso_u32_optbw_heaps.ster saved

. 
. ********************************************************************************
. * TABLES:
. 
. * ${abbrev}_o32_optbw: mother 32+ weeks, optimal bandwidth
. * ${abbrev}_u32_optbw: mother <32 weeks, optimal bandwidth
. * ${abbrev}_o32_optbw_heaps: mother 32+ weeks, optimal bandwidth, control for heaping
. * ${abbrev}_u32_optbw_heaps: mother <32 weeks, optimal bandwidth, control for heaping
. 
. local ests ${abbrev}_o32_optbw ${abbrev}_u32_optbw ${abbrev}_o32_optbw_heaps ${abbrev}_u32_optbw_heaps 

. 
. * Display results:
. esttab `ests', ///
>         cells(b(fmt(%-9.4f) star) se(fmt(%-9.4f) par([ ]) )) label ///
>         nonotes nogaps nonumber collabels(none) modelwidth(12) ///
>         stats(dvmean N Hopt effopt Nl Nr, fmt(%05.3f %12.0gc %5.1f %9.0gc %9.0gc %9.0gc) ///
>       label("Mean of Dep. Var." "Observations" "Optimal Bandwidth" ///
>             "Effective Observations" "Observations (left)" "Observations (right)")) ///
>         starlevel("*" 0.1 "**" 0.05 "***" 0.01) ///
>         mtitles("32+" "<32" "32+" "<32") ///
>         mgroups("No heaping" "Heaping", lhs("Birth Weight < 1500") pattern( 1 0 1 0))

------------------------------------------------------------------------------------
Birth Weight < 1500    No heaping                         Heaping                   
                              32+             <32             32+             <32   
------------------------------------------------------------------------------------
Conventional              63.6593        -79.2155        -78.1322        -53.1870   
                       [104.2679]      [143.1366]       [80.0357]      [141.7071]   
Bias-corrected           105.7226       -116.3112        -62.9532        -86.1320   
                       [104.2679]      [143.1366]       [80.0357]      [141.7071]   
Robust                   105.7226       -116.3112        -62.9532        -86.1320   
                       [121.5026]      [173.5831]       [91.2693]      [172.4305]   
------------------------------------------------------------------------------------
Mean of Dep. Var.        3149.228        3308.160        3149.228        3308.160   
Observations              215,069             736         215,069             736   
Optimal Bandwidth           202.2           233.0           409.5           236.7   
Effective Observat~s          505             288           1,219             289   
Observations (left)           159             157             201             157   
Observations (right)          346             131           1,018             132   
------------------------------------------------------------------------------------

. 
. * Export results:
. #delimit ;
delimiter now ;
. esttab `ests' using "$tbldir/${abbrev}.tex",
> replace booktabs cells(b(fmt(%-9.4f) star) se(fmt(%-9.4f) par([ ]) )) label
> stats(dvmean N Hopt effopt Nl Nr, fmt(%05.3f %12.0gc %5.1f %9.0gc %9.0gc %9.0gc) 
>       label("\\ Mean of Dep. Var." "Observations" "Optimal Bandwidth" 
>             "Effective Observations" "Observations (left)" "Observations (right)"))
> nonotes nogaps mlabels(, none) nonumbers style(tex) fragment noline /*keep(RD_Estimate)*/
> collabels(none) starlevel("*" 0.1 "**" 0.05 "***" 0.01);
(output written to C:/Users/nicol/Dropbox/Research Projects/Intergenerational/textables/g2m_peso.tex)

. #delimit cr
delimiter now cr
. 
. 
. log close _all
      name:  masterlog
       log:  C:/Users/nicol/Dropbox/Research Projects/Intergenerational/statalogs/nlillob_20210910_g2m_peso.log
  log type:  text
 closed on:  10 Sep 2021, 17:50:30
----------------------------------------------------------------------------------------------------------------------------------------------------------------------
